[    0.000000] Initializing cgroup subsys cpuset
[    0.000000] Initializing cgroup subsys cpu
[    0.000000] Initializing cgroup subsys cpuacct
[    0.000000] Linux version 4.4.1 (csvb@CS550-jmontes3) (gcc version 5.4.0 20160609 (Ubuntu 5.4.0-6ubuntu1~16.04.4) ) #3 SMP Thu Oct 12 11:13:20 EDT 2017
[    0.000000] Command line: BOOT_IMAGE=/boot/vmlinuz-4.4.1 root=UUID=0927869d-639e-459b-b372-ae63d8b88aee ro
[    0.000000] KERNEL supported cpus:
[    0.000000]   Intel GenuineIntel
[    0.000000]   AMD AuthenticAMD
[    0.000000]   Centaur CentaurHauls
[    0.000000] Disabled fast string operations
[    0.000000] x86/fpu: Legacy x87 FPU detected.
[    0.000000] x86/fpu: Using 'lazy' FPU context switches.
[    0.000000] e820: BIOS-provided physical RAM map:
[    0.000000] BIOS-e820: [mem 0x0000000000000000-0x000000000009f3ff] usable
[    0.000000] BIOS-e820: [mem 0x000000000009f400-0x000000000009ffff] reserved
[    0.000000] BIOS-e820: [mem 0x00000000000dc000-0x00000000000fffff] reserved
[    0.000000] BIOS-e820: [mem 0x0000000000100000-0x00000000bfeeffff] usable
[    0.000000] BIOS-e820: [mem 0x00000000bfef0000-0x00000000bfefefff] ACPI data
[    0.000000] BIOS-e820: [mem 0x00000000bfeff000-0x00000000bfefffff] ACPI NVS
[    0.000000] BIOS-e820: [mem 0x00000000bff00000-0x00000000bfffffff] usable
[    0.000000] BIOS-e820: [mem 0x00000000f0000000-0x00000000f7ffffff] reserved
[    0.000000] BIOS-e820: [mem 0x00000000fec00000-0x00000000fec0ffff] reserved
[    0.000000] BIOS-e820: [mem 0x00000000fee00000-0x00000000fee00fff] reserved
[    0.000000] BIOS-e820: [mem 0x00000000fffe0000-0x00000000ffffffff] reserved
[    0.000000] BIOS-e820: [mem 0x0000000100000000-0x000000013fffffff] usable
[    0.000000] NX (Execute Disable) protection: active
[    0.000000] SMBIOS 2.4 present.
[    0.000000] DMI: VMware, Inc. VMware Virtual Platform/440BX Desktop Reference Platform, BIOS 6.00 09/21/2015
[    0.000000] Hypervisor detected: VMware
[    0.000000] e820: update [mem 0x00000000-0x00000fff] usable ==> reserved
[    0.000000] e820: remove [mem 0x000a0000-0x000fffff] usable
[    0.000000] e820: last_pfn = 0x140000 max_arch_pfn = 0x400000000
[    0.000000] MTRR default type: uncachable
[    0.000000] MTRR fixed ranges enabled:
[    0.000000]   00000-9FFFF write-back
[    0.000000]   A0000-BFFFF uncachable
[    0.000000]   C0000-CFFFF write-protect
[    0.000000]   D0000-EFFFF uncachable
[    0.000000]   F0000-FFFFF write-protect
[    0.000000] MTRR variable ranges enabled:
[    0.000000]   0 base 000C0000000 mask 3FFC0000000 uncachable
[    0.000000]   1 base 00000000000 mask 3FF00000000 write-back
[    0.000000]   2 base 00100000000 mask 3FFC0000000 write-back
[    0.000000]   3 disabled
[    0.000000]   4 disabled
[    0.000000]   5 disabled
[    0.000000]   6 disabled
[    0.000000]   7 disabled
[    0.000000] x86/PAT: Configuration [0-7]: WB  WC  UC- UC  WB  WC  UC- WT  
[    0.000000] original variable MTRRs
[    0.000000] reg 0, base: 3GB, range: 1GB, type UC
[    0.000000] reg 1, base: 0GB, range: 4GB, type WB
[    0.000000] reg 2, base: 4GB, range: 1GB, type WB
[    0.000000] total RAM covered: 4096M
[    0.000000] Found optimal setting for mtrr clean up
[    0.000000]  gran_size: 64K 	chunk_size: 64K 	num_reg: 3  	lose cover RAM: 0G
[    0.000000] New variable MTRRs
[    0.000000] reg 0, base: 0GB, range: 2GB, type WB
[    0.000000] reg 1, base: 2GB, range: 1GB, type WB
[    0.000000] reg 2, base: 4GB, range: 1GB, type WB
[    0.000000] e820: update [mem 0xc0000000-0xffffffff] usable ==> reserved
[    0.000000] e820: last_pfn = 0xc0000 max_arch_pfn = 0x400000000
[    0.000000] found SMP MP-table at [mem 0x000f6b30-0x000f6b3f] mapped at [ffff8800000f6b30]
[    0.000000] Scanning 1 areas for low memory corruption
[    0.000000] Base memory trampoline at [ffff880000099000] 99000 size 24576
[    0.000000] BRK [0x01ffa000, 0x01ffafff] PGTABLE
[    0.000000] BRK [0x01ffb000, 0x01ffbfff] PGTABLE
[    0.000000] BRK [0x01ffc000, 0x01ffcfff] PGTABLE
[    0.000000] BRK [0x01ffd000, 0x01ffdfff] PGTABLE
[    0.000000] RAMDISK: [mem 0x33c64000-0x35e29fff]
[    0.000000] ACPI: Early table checksum verification disabled
[    0.000000] ACPI: RSDP 0x00000000000F6AC0 000024 (v02 PTLTD )
[    0.000000] ACPI: XSDT 0x00000000BFEF109B 00005C (v01 INTEL  440BX    06040000 VMW  01324272)
[    0.000000] ACPI: FACP 0x00000000BFEFEE73 0000F4 (v04 INTEL  440BX    06040000 PTL  000F4240)
[    0.000000] ACPI: DSDT 0x00000000BFEF1349 00DB2A (v01 PTLTD  Custom   06040000 MSFT 03000001)
[    0.000000] ACPI: FACS 0x00000000BFEFFFC0 000040
[    0.000000] ACPI: FACS 0x00000000BFEFFFC0 000040
[    0.000000] ACPI: BOOT 0x00000000BFEF1321 000028 (v01 PTLTD  $SBFTBL$ 06040000  LTP 00000001)
[    0.000000] ACPI: APIC 0x00000000BFEF12C3 00005E (v01 PTLTD  ? APIC   06040000  LTP 00000000)
[    0.000000] ACPI: MCFG 0x00000000BFEF1287 00003C (v01 PTLTD  $PCITBL$ 06040000  LTP 00000001)
[    0.000000] ACPI: SRAT 0x00000000BFEF1197 0000F0 (v02 VMWARE MEMPLUG  06040000 VMW  00000001)
[    0.000000] ACPI: HPET 0x00000000BFEF115F 000038 (v01 VMWARE VMW HPET 06040000 VMW  00000001)
[    0.000000] ACPI: WAET 0x00000000BFEF1137 000028 (v01 VMWARE VMW WAET 06040000 VMW  00000001)
[    0.000000] ACPI: Local APIC address 0xfee00000
[    0.000000] SRAT: PXM 0 -> APIC 0x00 -> Node 0
[    0.000000] SRAT: PXM 0 -> APIC 0x02 -> Node 0
[    0.000000] SRAT: Node 0 PXM 0 [mem 0x00000000-0x0009ffff]
[    0.000000] SRAT: Node 0 PXM 0 [mem 0x00100000-0x0fffffff]
[    0.000000] SRAT: Node 0 PXM 0 [mem 0x10000000-0xbfffffff]
[    0.000000] SRAT: Node 0 PXM 0 [mem 0x100000000-0x13fffffff]
[    0.000000] NUMA: Node 0 [mem 0x00000000-0x0009ffff] + [mem 0x00100000-0x0fffffff] -> [mem 0x00000000-0x0fffffff]
[    0.000000] NUMA: Node 0 [mem 0x00000000-0x0fffffff] + [mem 0x10000000-0xbfffffff] -> [mem 0x00000000-0xbfffffff]
[    0.000000] NUMA: Node 0 [mem 0x00000000-0xbfffffff] + [mem 0x100000000-0x13fffffff] -> [mem 0x00000000-0x13fffffff]
[    0.000000] NODE_DATA(0) allocated [mem 0x13fff9000-0x13fffcfff]
[    0.000000] Zone ranges:
[    0.000000]   DMA      [mem 0x0000000000001000-0x0000000000ffffff]
[    0.000000]   DMA32    [mem 0x0000000001000000-0x00000000ffffffff]
[    0.000000]   Normal   [mem 0x0000000100000000-0x000000013fffffff]
[    0.000000] Movable zone start for each node
[    0.000000] Early memory node ranges
[    0.000000]   node   0: [mem 0x0000000000001000-0x000000000009efff]
[    0.000000]   node   0: [mem 0x0000000000100000-0x00000000bfeeffff]
[    0.000000]   node   0: [mem 0x00000000bff00000-0x00000000bfffffff]
[    0.000000]   node   0: [mem 0x0000000100000000-0x000000013fffffff]
[    0.000000] Initmem setup node 0 [mem 0x0000000000001000-0x000000013fffffff]
[    0.000000] On node 0 totalpages: 1048462
[    0.000000]   DMA zone: 64 pages used for memmap
[    0.000000]   DMA zone: 21 pages reserved
[    0.000000]   DMA zone: 3998 pages, LIFO batch:0
[    0.000000]   DMA32 zone: 12224 pages used for memmap
[    0.000000]   DMA32 zone: 782320 pages, LIFO batch:31
[    0.000000]   Normal zone: 4096 pages used for memmap
[    0.000000]   Normal zone: 262144 pages, LIFO batch:31
[    0.000000] ACPI: PM-Timer IO Port: 0x1008
[    0.000000] ACPI: Local APIC address 0xfee00000
[    0.000000] ACPI: LAPIC_NMI (acpi_id[0x00] high edge lint[0x1])
[    0.000000] ACPI: LAPIC_NMI (acpi_id[0x01] high edge lint[0x1])
[    0.000000] IOAPIC[0]: apic_id 1, version 17, address 0xfec00000, GSI 0-23
[    0.000000] ACPI: INT_SRC_OVR (bus 0 bus_irq 0 global_irq 2 high edge)
[    0.000000] ACPI: IRQ0 used by override.
[    0.000000] ACPI: IRQ9 used by override.
[    0.000000] Using ACPI (MADT) for SMP configuration information
[    0.000000] ACPI: HPET id: 0x8086af01 base: 0xfed00000
[    0.000000] smpboot: Allowing 2 CPUs, 0 hotplug CPUs
[    0.000000] PM: Registered nosave memory: [mem 0x00000000-0x00000fff]
[    0.000000] PM: Registered nosave memory: [mem 0x0009f000-0x0009ffff]
[    0.000000] PM: Registered nosave memory: [mem 0x000a0000-0x000dbfff]
[    0.000000] PM: Registered nosave memory: [mem 0x000dc000-0x000fffff]
[    0.000000] PM: Registered nosave memory: [mem 0xbfef0000-0xbfefefff]
[    0.000000] PM: Registered nosave memory: [mem 0xbfeff000-0xbfefffff]
[    0.000000] PM: Registered nosave memory: [mem 0xc0000000-0xefffffff]
[    0.000000] PM: Registered nosave memory: [mem 0xf0000000-0xf7ffffff]
[    0.000000] PM: Registered nosave memory: [mem 0xf8000000-0xfebfffff]
[    0.000000] PM: Registered nosave memory: [mem 0xfec00000-0xfec0ffff]
[    0.000000] PM: Registered nosave memory: [mem 0xfec10000-0xfedfffff]
[    0.000000] PM: Registered nosave memory: [mem 0xfee00000-0xfee00fff]
[    0.000000] PM: Registered nosave memory: [mem 0xfee01000-0xfffdffff]
[    0.000000] PM: Registered nosave memory: [mem 0xfffe0000-0xffffffff]
[    0.000000] e820: [mem 0xc0000000-0xefffffff] available for PCI devices
[    0.000000] Booting paravirtualized kernel on bare hardware
[    0.000000] clocksource: refined-jiffies: mask: 0xffffffff max_cycles: 0xffffffff, max_idle_ns: 7645519600211568 ns
[    0.000000] setup_percpu: NR_CPUS:512 nr_cpumask_bits:512 nr_cpu_ids:2 nr_node_ids:1
[    0.000000] PERCPU: Embedded 33 pages/cpu @ffff88013fc00000 s97624 r8192 d29352 u1048576
[    0.000000] pcpu-alloc: s97624 r8192 d29352 u1048576 alloc=1*2097152
[    0.000000] pcpu-alloc: [0] 0 1 
[    0.000000] Built 1 zonelists in Node order, mobility grouping on.  Total pages: 1032057
[    0.000000] Policy zone: Normal
[    0.000000] Kernel command line: BOOT_IMAGE=/boot/vmlinuz-4.4.1 root=UUID=0927869d-639e-459b-b372-ae63d8b88aee ro
[    0.000000] PID hash table entries: 4096 (order: 3, 32768 bytes)
[    0.000000] Calgary: detecting Calgary via BIOS EBDA area
[    0.000000] Calgary: Unable to locate Rio Grande table in EBDA - bailing!
[    0.000000] Memory: 4010664K/4193848K available (8060K kernel code, 1260K rwdata, 3764K rodata, 1452K init, 1316K bss, 183184K reserved, 0K cma-reserved)
[    0.000000] SLUB: HWalign=64, Order=0-3, MinObjects=0, CPUs=2, Nodes=1
[    0.000000] Hierarchical RCU implementation.
[    0.000000] 	Build-time adjustment of leaf fanout to 64.
[    0.000000] 	RCU restricting CPUs from NR_CPUS=512 to nr_cpu_ids=2.
[    0.000000] RCU: Adjusting geometry for rcu_fanout_leaf=64, nr_cpu_ids=2
[    0.000000] NR_IRQS:33024 nr_irqs:440 16
[    0.000000] Console: colour VGA+ 80x25
[    0.000000] console [tty0] enabled
[    0.000000] clocksource: hpet: mask: 0xffffffff max_cycles: 0xffffffff, max_idle_ns: 133484882848 ns
[    0.000000] hpet clockevent registered
[    0.000000] TSC freq read from hypervisor : 2926.000 MHz
[    0.000000] tsc: Detected 2926.000 MHz processor
[    0.000103] Calibrating delay loop (skipped) preset value.. 5852.00 BogoMIPS (lpj=11704000)
[    0.000287] pid_max: default: 32768 minimum: 301
[    0.000402] ACPI: Core revision 20150930
[    0.009279] ACPI: 1 ACPI AML tables successfully acquired and loaded
[    0.009444] Security Framework initialized
[    0.009531] Yama: becoming mindful.
[    0.009620] AppArmor: AppArmor initialized
[    0.009963] Dentry cache hash table entries: 524288 (order: 10, 4194304 bytes)
[    0.010889] Inode-cache hash table entries: 262144 (order: 9, 2097152 bytes)
[    0.011323] Mount-cache hash table entries: 8192 (order: 4, 65536 bytes)
[    0.011431] Mountpoint-cache hash table entries: 8192 (order: 4, 65536 bytes)
[    0.011716] Initializing cgroup subsys io
[    0.011818] Initializing cgroup subsys memory
[    0.011910] Initializing cgroup subsys devices
[    0.011999] Initializing cgroup subsys freezer
[    0.012089] Initializing cgroup subsys net_cls
[    0.012177] Initializing cgroup subsys perf_event
[    0.012271] Initializing cgroup subsys net_prio
[    0.012360] Initializing cgroup subsys hugetlb
[    0.012450] Initializing cgroup subsys pids
[    0.012590] Disabled fast string operations
[    0.012677] CPU: Physical Processor ID: 0
[    0.012773] mce: CPU supports 0 MCE banks
[    0.012892] Last level iTLB entries: 4KB 512, 2MB 7, 4MB 7
[    0.012988] Last level dTLB entries: 4KB 512, 2MB 32, 4MB 32, 1GB 0
[    0.014079] Freeing SMP alternatives memory: 28K (ffffffff81ea8000 - ffffffff81eaf000)
[    0.020366] ftrace: allocating 30903 entries in 121 pages
[    0.044677] x2apic enabled
[    0.045520] Switched APIC routing to physical x2apic.
[    0.047698] ..TIMER: vector=0x30 apic1=0 pin1=2 apic2=-1 pin2=-1
[    0.088016] TSC deadline timer enabled
[    0.088073] smpboot: CPU0: Intel(R) Xeon(R) CPU           X5670  @ 2.93GHz (family: 0x6, model: 0x2c, stepping: 0x2)
[    0.089166] Performance Events: 16-deep LBR, Westmere events, core PMU driver.
[    0.090108] perf_event_intel: CPUID marked event: 'cpu cycles' unavailable
[    0.090679] perf_event_intel: CPUID marked event: 'instructions' unavailable
[    0.091247] perf_event_intel: CPUID marked event: 'bus cycles' unavailable
[    0.091877] perf_event_intel: CPUID marked event: 'cache references' unavailable
[    0.092776] perf_event_intel: CPUID marked event: 'cache misses' unavailable
[    0.093344] perf_event_intel: CPUID marked event: 'branch instructions' unavailable
[    0.094290] perf_event_intel: CPUID marked event: 'branch misses' unavailable
[    0.094891] ... version:                1
[    0.095378] ... bit width:              48
[    0.095845] ... generic registers:      4
[    0.096297] ... value mask:             0000ffffffffffff
[    0.096837] ... max period:             000000007fffffff
[    0.097340] ... fixed-purpose events:   0
[    0.097801] ... event mask:             000000000000000f
[    0.099102] NMI watchdog: disabled (cpu0): hardware events not enabled
[    0.099658] NMI watchdog: Shutting down hard lockup detector on all cpus
[    0.100308] x86: Booting SMP configuration:
[    0.100774] .... node  #0, CPUs:      #1
[    0.101452] Disabled fast string operations
[    0.101465] mce: CPU supports 0 MCE banks
[    0.101517] Skipped synchronization checks as TSC is reliable.
[    0.101872] x86: Booted up 1 node, 2 CPUs
[    0.101958] smpboot: Total of 2 processors activated (11704.00 BogoMIPS)
[    0.102416] devtmpfs: initialized
[    0.104324] evm: security.selinux
[    0.104407] evm: security.SMACK64
[    0.104487] evm: security.SMACK64EXEC
[    0.104569] evm: security.SMACK64TRANSMUTE
[    0.104654] evm: security.SMACK64MMAP
[    0.106402] evm: security.ima
[    0.106484] evm: security.capability
[    0.106658] PM: Registering ACPI NVS region [mem 0xbfeff000-0xbfefffff] (4096 bytes)
[    0.106895] clocksource: jiffies: mask: 0xffffffff max_cycles: 0xffffffff, max_idle_ns: 7645041785100000 ns
[    0.107166] pinctrl core: initialized pinctrl subsystem
[    0.107452] RTC time: 20:23:55, date: 11/27/17
[    0.107618] NET: Registered protocol family 16
[    0.118429] cpuidle: using governor ladder
[    0.130442] cpuidle: using governor menu
[    0.130533] PCCT header not found.
[    0.130637] Simple Boot Flag at 0x36 set to 0x80
[    0.130773] ACPI: bus type PCI registered
[    0.130861] acpiphp: ACPI Hot Plug PCI Controller Driver version: 0.5
[    0.131150] PCI: MMCONFIG for domain 0000 [bus 00-7f] at [mem 0xf0000000-0xf7ffffff] (base 0xf0000000)
[    0.131316] PCI: MMCONFIG at [mem 0xf0000000-0xf7ffffff] reserved in E820
[    0.131429] PCI: Using configuration type 1 for base access
[    0.142916] ACPI: Added _OSI(Module Device)
[    0.143014] ACPI: Added _OSI(Processor Device)
[    0.143103] ACPI: Added _OSI(3.0 _SCP Extensions)
[    0.143193] ACPI: Added _OSI(Processor Aggregator Device)
[    0.150424] [Firmware Bug]: ACPI: BIOS _OSI(Linux) query ignored
[    0.152352] ACPI: Interpreter enabled
[    0.152447] ACPI Exception: AE_NOT_FOUND, While evaluating Sleep State [\_S2_] (20150930/hwxface-580)
[    0.152645] ACPI Exception: AE_NOT_FOUND, While evaluating Sleep State [\_S3_] (20150930/hwxface-580)
[    0.152846] ACPI: (supports S0 S1 S4 S5)
[    0.152931] ACPI: Using IOAPIC for interrupt routing
[    0.153043] PCI: Using host bridge windows from ACPI; if necessary, use "pci=nocrs" and report a bug
[    0.194490] ACPI: PCI Root Bridge [PCI0] (domain 0000 [bus 00-7f])
[    0.194606] acpi PNP0A03:00: _OSC: OS supports [ExtendedConfig ASPM ClockPM Segments MSI]
[    0.194939] acpi PNP0A03:00: _OSC: platform does not support [AER]
[    0.195192] acpi PNP0A03:00: _OSC: OS now controls [PCIeHotplug PME PCIeCapability]
[    0.196778] PCI host bridge to bus 0000:00
[    0.196869] pci_bus 0000:00: root bus resource [mem 0x000a0000-0x000bffff window]
[    0.197021] pci_bus 0000:00: root bus resource [mem 0x000d0000-0x000d3fff window]
[    0.197175] pci_bus 0000:00: root bus resource [mem 0x000d4000-0x000d7fff window]
[    0.197325] pci_bus 0000:00: root bus resource [mem 0x000d8000-0x000dbfff window]
[    0.197476] pci_bus 0000:00: root bus resource [mem 0xc0000000-0xfebfffff window]
[    0.197630] pci_bus 0000:00: root bus resource [io  0x0000-0x0cf7 window]
[    0.197732] pci_bus 0000:00: root bus resource [io  0x0d00-0xfeff window]
[    0.197838] pci_bus 0000:00: root bus resource [bus 00-7f]
[    0.197980] pci 0000:00:00.0: [8086:7190] type 00 class 0x060000
[    0.198516] pci 0000:00:01.0: [8086:7191] type 01 class 0x060400
[    0.198969] pci 0000:00:07.0: [8086:7110] type 00 class 0x060100
[    0.199560] pci 0000:00:07.1: [8086:7111] type 00 class 0x01018a
[    0.200688] pci 0000:00:07.1: reg 0x20: [io  0x1060-0x106f]
[    0.201144] pci 0000:00:07.1: legacy IDE quirk: reg 0x10: [io  0x01f0-0x01f7]
[    0.201254] pci 0000:00:07.1: legacy IDE quirk: reg 0x14: [io  0x03f6]
[    0.201357] pci 0000:00:07.1: legacy IDE quirk: reg 0x18: [io  0x0170-0x0177]
[    0.201461] pci 0000:00:07.1: legacy IDE quirk: reg 0x1c: [io  0x0376]
[    0.201749] pci 0000:00:07.3: [8086:7113] type 00 class 0x068000
[    0.203047] pci 0000:00:07.3: quirk: [io  0x1000-0x103f] claimed by PIIX4 ACPI
[    0.203209] pci 0000:00:07.3: quirk: [io  0x1040-0x104f] claimed by PIIX4 SMB
[    0.203572] pci 0000:00:07.7: [15ad:0740] type 00 class 0x088000
[    0.204382] pci 0000:00:07.7: reg 0x10: [io  0x1080-0x10bf]
[    0.205068] pci 0000:00:07.7: reg 0x14: [mem 0xfebfe000-0xfebfffff 64bit]
[    0.207926] pci 0000:00:0f.0: [15ad:0405] type 00 class 0x030000
[    0.209881] pci 0000:00:0f.0: reg 0x10: [io  0x1070-0x107f]
[    0.211642] pci 0000:00:0f.0: reg 0x14: [mem 0xe8000000-0xefffffff pref]
[    0.213394] pci 0000:00:0f.0: reg 0x18: [mem 0xfe000000-0xfe7fffff]
[    0.220491] pci 0000:00:0f.0: reg 0x30: [mem 0x00000000-0x00007fff pref]
[    0.220834] pci 0000:00:11.0: [15ad:0790] type 01 class 0x060401
[    0.221304] pci 0000:00:11.0: System wakeup disabled by ACPI
[    0.221553] pci 0000:00:15.0: [15ad:07a0] type 01 class 0x060400
[    0.222105] pci 0000:00:15.0: PME# supported from D0 D3hot D3cold
[    0.222264] pci 0000:00:15.0: System wakeup disabled by ACPI
[    0.222481] pci 0000:00:15.1: [15ad:07a0] type 01 class 0x060400
[    0.223033] pci 0000:00:15.1: PME# supported from D0 D3hot D3cold
[    0.223191] pci 0000:00:15.1: System wakeup disabled by ACPI
[    0.223398] pci 0000:00:15.2: [15ad:07a0] type 01 class 0x060400
[    0.223958] pci 0000:00:15.2: PME# supported from D0 D3hot D3cold
[    0.224133] pci 0000:00:15.2: System wakeup disabled by ACPI
[    0.224344] pci 0000:00:15.3: [15ad:07a0] type 01 class 0x060400
[    0.224917] pci 0000:00:15.3: PME# supported from D0 D3hot D3cold
[    0.225076] pci 0000:00:15.3: System wakeup disabled by ACPI
[    0.225283] pci 0000:00:15.4: [15ad:07a0] type 01 class 0x060400
[    0.225838] pci 0000:00:15.4: PME# supported from D0 D3hot D3cold
[    0.225996] pci 0000:00:15.4: System wakeup disabled by ACPI
[    0.226204] pci 0000:00:15.5: [15ad:07a0] type 01 class 0x060400
[    0.226758] pci 0000:00:15.5: PME# supported from D0 D3hot D3cold
[    0.226920] pci 0000:00:15.5: System wakeup disabled by ACPI
[    0.227126] pci 0000:00:15.6: [15ad:07a0] type 01 class 0x060400
[    0.227682] pci 0000:00:15.6: PME# supported from D0 D3hot D3cold
[    0.227846] pci 0000:00:15.6: System wakeup disabled by ACPI
[    0.228054] pci 0000:00:15.7: [15ad:07a0] type 01 class 0x060400
[    0.228615] pci 0000:00:15.7: PME# supported from D0 D3hot D3cold
[    0.228778] pci 0000:00:15.7: System wakeup disabled by ACPI
[    0.228991] pci 0000:00:16.0: [15ad:07a0] type 01 class 0x060400
[    0.229535] pci 0000:00:16.0: PME# supported from D0 D3hot D3cold
[    0.229705] pci 0000:00:16.0: System wakeup disabled by ACPI
[    0.229916] pci 0000:00:16.1: [15ad:07a0] type 01 class 0x060400
[    0.230460] pci 0000:00:16.1: PME# supported from D0 D3hot D3cold
[    0.230624] pci 0000:00:16.1: System wakeup disabled by ACPI
[    0.230839] pci 0000:00:16.2: [15ad:07a0] type 01 class 0x060400
[    0.231385] pci 0000:00:16.2: PME# supported from D0 D3hot D3cold
[    0.231541] pci 0000:00:16.2: System wakeup disabled by ACPI
[    0.231763] pci 0000:00:16.3: [15ad:07a0] type 01 class 0x060400
[    0.232313] pci 0000:00:16.3: PME# supported from D0 D3hot D3cold
[    0.232471] pci 0000:00:16.3: System wakeup disabled by ACPI
[    0.232693] pci 0000:00:16.4: [15ad:07a0] type 01 class 0x060400
[    0.233244] pci 0000:00:16.4: PME# supported from D0 D3hot D3cold
[    0.233402] pci 0000:00:16.4: System wakeup disabled by ACPI
[    0.233606] pci 0000:00:16.5: [15ad:07a0] type 01 class 0x060400
[    0.234164] pci 0000:00:16.5: PME# supported from D0 D3hot D3cold
[    0.234321] pci 0000:00:16.5: System wakeup disabled by ACPI
[    0.234525] pci 0000:00:16.6: [15ad:07a0] type 01 class 0x060400
[    0.235089] pci 0000:00:16.6: PME# supported from D0 D3hot D3cold
[    0.235247] pci 0000:00:16.6: System wakeup disabled by ACPI
[    0.235501] pci 0000:00:16.7: [15ad:07a0] type 01 class 0x060400
[    0.236059] pci 0000:00:16.7: PME# supported from D0 D3hot D3cold
[    0.236216] pci 0000:00:16.7: System wakeup disabled by ACPI
[    0.236424] pci 0000:00:17.0: [15ad:07a0] type 01 class 0x060400
[    0.236985] pci 0000:00:17.0: PME# supported from D0 D3hot D3cold
[    0.237152] pci 0000:00:17.0: System wakeup disabled by ACPI
[    0.237359] pci 0000:00:17.1: [15ad:07a0] type 01 class 0x060400
[    0.237910] pci 0000:00:17.1: PME# supported from D0 D3hot D3cold
[    0.238079] pci 0000:00:17.1: System wakeup disabled by ACPI
[    0.238287] pci 0000:00:17.2: [15ad:07a0] type 01 class 0x060400
[    0.238837] pci 0000:00:17.2: PME# supported from D0 D3hot D3cold
[    0.238995] pci 0000:00:17.2: System wakeup disabled by ACPI
[    0.239209] pci 0000:00:17.3: [15ad:07a0] type 01 class 0x060400
[    0.239753] pci 0000:00:17.3: PME# supported from D0 D3hot D3cold
[    0.239915] pci 0000:00:17.3: System wakeup disabled by ACPI
[    0.240127] pci 0000:00:17.4: [15ad:07a0] type 01 class 0x060400
[    0.240675] pci 0000:00:17.4: PME# supported from D0 D3hot D3cold
[    0.240845] pci 0000:00:17.4: System wakeup disabled by ACPI
[    0.241052] pci 0000:00:17.5: [15ad:07a0] type 01 class 0x060400
[    0.241600] pci 0000:00:17.5: PME# supported from D0 D3hot D3cold
[    0.241759] pci 0000:00:17.5: System wakeup disabled by ACPI
[    0.241981] pci 0000:00:17.6: [15ad:07a0] type 01 class 0x060400
[    0.242538] pci 0000:00:17.6: PME# supported from D0 D3hot D3cold
[    0.242698] pci 0000:00:17.6: System wakeup disabled by ACPI
[    0.242919] pci 0000:00:17.7: [15ad:07a0] type 01 class 0x060400
[    0.243468] pci 0000:00:17.7: PME# supported from D0 D3hot D3cold
[    0.243624] pci 0000:00:17.7: System wakeup disabled by ACPI
[    0.243842] pci 0000:00:18.0: [15ad:07a0] type 01 class 0x060400
[    0.244392] pci 0000:00:18.0: PME# supported from D0 D3hot D3cold
[    0.244550] pci 0000:00:18.0: System wakeup disabled by ACPI
[    0.244767] pci 0000:00:18.1: [15ad:07a0] type 01 class 0x060400
[    0.245338] pci 0000:00:18.1: PME# supported from D0 D3hot D3cold
[    0.245495] pci 0000:00:18.1: System wakeup disabled by ACPI
[    0.245701] pci 0000:00:18.2: [15ad:07a0] type 01 class 0x060400
[    0.246255] pci 0000:00:18.2: PME# supported from D0 D3hot D3cold
[    0.246412] pci 0000:00:18.2: System wakeup disabled by ACPI
[    0.246618] pci 0000:00:18.3: [15ad:07a0] type 01 class 0x060400
[    0.247170] pci 0000:00:18.3: PME# supported from D0 D3hot D3cold
[    0.247330] pci 0000:00:18.3: System wakeup disabled by ACPI
[    0.247537] pci 0000:00:18.4: [15ad:07a0] type 01 class 0x060400
[    0.248088] pci 0000:00:18.4: PME# supported from D0 D3hot D3cold
[    0.248250] pci 0000:00:18.4: System wakeup disabled by ACPI
[    0.248457] pci 0000:00:18.5: [15ad:07a0] type 01 class 0x060400
[    0.249014] pci 0000:00:18.5: PME# supported from D0 D3hot D3cold
[    0.249171] pci 0000:00:18.5: System wakeup disabled by ACPI
[    0.249382] pci 0000:00:18.6: [15ad:07a0] type 01 class 0x060400
[    0.249940] pci 0000:00:18.6: PME# supported from D0 D3hot D3cold
[    0.250097] pci 0000:00:18.6: System wakeup disabled by ACPI
[    0.250361] pci 0000:00:18.7: [15ad:07a0] type 01 class 0x060400
[    0.250910] pci 0000:00:18.7: PME# supported from D0 D3hot D3cold
[    0.251070] pci 0000:00:18.7: System wakeup disabled by ACPI
[    0.251573] pci 0000:00:01.0: PCI bridge to [bus 01]
[    0.252037] acpiphp: Slot [32] registered
[    0.252144] acpiphp: Slot [33] registered
[    0.252248] acpiphp: Slot [34] registered
[    0.252357] acpiphp: Slot [35] registered
[    0.252458] acpiphp: Slot [36] registered
[    0.252560] acpiphp: Slot [37] registered
[    0.252662] acpiphp: Slot [38] registered
[    0.252774] acpiphp: Slot [39] registered
[    0.252876] acpiphp: Slot [40] registered
[    0.252989] acpiphp: Slot [41] registered
[    0.253093] acpiphp: Slot [42] registered
[    0.253194] acpiphp: Slot [43] registered
[    0.253301] acpiphp: Slot [44] registered
[    0.253402] acpiphp: Slot [45] registered
[    0.253504] acpiphp: Slot [46] registered
[    0.253605] acpiphp: Slot [47] registered
[    0.253709] acpiphp: Slot [48] registered
[    0.253812] acpiphp: Slot [49] registered
[    0.253914] acpiphp: Slot [50] registered
[    0.254023] acpiphp: Slot [51] registered
[    0.254124] acpiphp: Slot [52] registered
[    0.254224] acpiphp: Slot [53] registered
[    0.254331] acpiphp: Slot [54] registered
[    0.254433] acpiphp: Slot [55] registered
[    0.254536] acpiphp: Slot [56] registered
[    0.254638] acpiphp: Slot [57] registered
[    0.254740] acpiphp: Slot [58] registered
[    0.254842] acpiphp: Slot [59] registered
[    0.254960] acpiphp: Slot [60] registered
[    0.255069] acpiphp: Slot [61] registered
[    0.255172] acpiphp: Slot [62] registered
[    0.255274] acpiphp: Slot [63] registered
[    0.255457] pci 0000:02:01.0: [15ad:07e0] type 00 class 0x010601
[    0.258540] pci 0000:02:01.0: reg 0x24: [mem 0xfd5ff000-0xfd5fffff]
[    0.259027] pci 0000:02:01.0: reg 0x30: [mem 0x00000000-0x0000ffff pref]
[    0.259256] pci 0000:02:01.0: PME# supported from D3hot
[    0.259403] pci 0000:02:01.0: System wakeup disabled by ACPI
[    0.259769] pci 0000:00:11.0: PCI bridge to [bus 02] (subtractive decode)
[    0.259891] pci 0000:00:11.0:   bridge window [io  0x2000-0x3fff]
[    0.259909] pci 0000:00:11.0:   bridge window [mem 0xfd500000-0xfdffffff]
[    0.259942] pci 0000:00:11.0:   bridge window [mem 0xe7b00000-0xe7ffffff 64bit pref]
[    0.259945] pci 0000:00:11.0:   bridge window [mem 0x000a0000-0x000bffff window] (subtractive decode)
[    0.259946] pci 0000:00:11.0:   bridge window [mem 0x000d0000-0x000d3fff window] (subtractive decode)
[    0.259948] pci 0000:00:11.0:   bridge window [mem 0x000d4000-0x000d7fff window] (subtractive decode)
[    0.259950] pci 0000:00:11.0:   bridge window [mem 0x000d8000-0x000dbfff window] (subtractive decode)
[    0.259951] pci 0000:00:11.0:   bridge window [mem 0xc0000000-0xfebfffff window] (subtractive decode)
[    0.259953] pci 0000:00:11.0:   bridge window [io  0x0000-0x0cf7 window] (subtractive decode)
[    0.259955] pci 0000:00:11.0:   bridge window [io  0x0d00-0xfeff window] (subtractive decode)
[    0.260284] pci 0000:03:00.0: [15ad:07c0] type 00 class 0x010700
[    0.262693] pci 0000:03:00.0: reg 0x10: [io  0x4000-0x4007]
[    0.264978] pci 0000:03:00.0: reg 0x14: [mem 0xfd4f8000-0xfd4fffff 64bit]
[    0.273975] pci 0000:03:00.0: reg 0x30: [mem 0x00000000-0x0000ffff pref]
[    0.274243] pci 0000:03:00.0: PME# supported from D0 D3hot D3cold
[    0.274384] pci 0000:03:00.0: System wakeup disabled by ACPI
[    0.274533] pci 0000:03:00.0: disabling ASPM on pre-1.1 PCIe device.  You can enable it with 'pcie_aspm=force'
[    0.274759] pci 0000:00:15.0: PCI bridge to [bus 03]
[    0.274868] pci 0000:00:15.0:   bridge window [io  0x4000-0x4fff]
[    0.274892] pci 0000:00:15.0:   bridge window [mem 0xfd400000-0xfd4fffff]
[    0.275200] pci 0000:00:15.1: PCI bridge to [bus 04]
[    0.275310] pci 0000:00:15.1:   bridge window [io  0x8000-0x8fff]
[    0.275327] pci 0000:00:15.1:   bridge window [mem 0xfd000000-0xfd0fffff]
[    0.275360] pci 0000:00:15.1:   bridge window [mem 0xe7800000-0xe78fffff 64bit pref]
[    0.275623] pci 0000:00:15.2: PCI bridge to [bus 05]
[    0.275732] pci 0000:00:15.2:   bridge window [io  0xc000-0xcfff]
[    0.275749] pci 0000:00:15.2:   bridge window [mem 0xfcc00000-0xfccfffff]
[    0.275783] pci 0000:00:15.2:   bridge window [mem 0xe7400000-0xe74fffff 64bit pref]
[    0.276040] pci 0000:00:15.3: PCI bridge to [bus 06]
[    0.276165] pci 0000:00:15.3:   bridge window [mem 0xfc800000-0xfc8fffff]
[    0.276204] pci 0000:00:15.3:   bridge window [mem 0xe7000000-0xe70fffff 64bit pref]
[    0.276473] pci 0000:00:15.4: PCI bridge to [bus 07]
[    0.276603] pci 0000:00:15.4:   bridge window [mem 0xfc400000-0xfc4fffff]
[    0.276636] pci 0000:00:15.4:   bridge window [mem 0xe6c00000-0xe6cfffff 64bit pref]
[    0.276892] pci 0000:00:15.5: PCI bridge to [bus 08]
[    0.277019] pci 0000:00:15.5:   bridge window [mem 0xfc000000-0xfc0fffff]
[    0.277051] pci 0000:00:15.5:   bridge window [mem 0xe6800000-0xe68fffff 64bit pref]
[    0.277309] pci 0000:00:15.6: PCI bridge to [bus 09]
[    0.277435] pci 0000:00:15.6:   bridge window [mem 0xfbc00000-0xfbcfffff]
[    0.277467] pci 0000:00:15.6:   bridge window [mem 0xe6400000-0xe64fffff 64bit pref]
[    0.277726] pci 0000:00:15.7: PCI bridge to [bus 0a]
[    0.277851] pci 0000:00:15.7:   bridge window [mem 0xfb800000-0xfb8fffff]
[    0.277885] pci 0000:00:15.7:   bridge window [mem 0xe6000000-0xe60fffff 64bit pref]
[    0.278208] pci 0000:0b:00.0: [15ad:07b0] type 00 class 0x020000
[    0.279816] pci 0000:0b:00.0: reg 0x10: [mem 0xfd3fc000-0xfd3fcfff]
[    0.281262] pci 0000:0b:00.0: reg 0x14: [mem 0xfd3fd000-0xfd3fdfff]
[    0.282687] pci 0000:0b:00.0: reg 0x18: [mem 0xfd3fe000-0xfd3fffff]
[    0.284133] pci 0000:0b:00.0: reg 0x1c: [io  0x5000-0x500f]
[    0.288497] pci 0000:0b:00.0: reg 0x30: [mem 0x00000000-0x0000ffff pref]
[    0.288759] pci 0000:0b:00.0: supports D1 D2
[    0.288762] pci 0000:0b:00.0: PME# supported from D0 D1 D2 D3hot D3cold
[    0.288907] pci 0000:0b:00.0: System wakeup disabled by ACPI
[    0.289053] pci 0000:0b:00.0: disabling ASPM on pre-1.1 PCIe device.  You can enable it with 'pcie_aspm=force'
[    0.289262] pci 0000:00:16.0: PCI bridge to [bus 0b]
[    0.289382] pci 0000:00:16.0:   bridge window [io  0x5000-0x5fff]
[    0.289400] pci 0000:00:16.0:   bridge window [mem 0xfd300000-0xfd3fffff]
[    0.289707] pci 0000:00:16.1: PCI bridge to [bus 0c]
[    0.289817] pci 0000:00:16.1:   bridge window [io  0x9000-0x9fff]
[    0.289834] pci 0000:00:16.1:   bridge window [mem 0xfcf00000-0xfcffffff]
[    0.289867] pci 0000:00:16.1:   bridge window [mem 0xe7700000-0xe77fffff 64bit pref]
[    0.290128] pci 0000:00:16.2: PCI bridge to [bus 0d]
[    0.290237] pci 0000:00:16.2:   bridge window [io  0xd000-0xdfff]
[    0.290254] pci 0000:00:16.2:   bridge window [mem 0xfcb00000-0xfcbfffff]
[    0.290287] pci 0000:00:16.2:   bridge window [mem 0xe7300000-0xe73fffff 64bit pref]
[    0.290553] pci 0000:00:16.3: PCI bridge to [bus 0e]
[    0.290687] pci 0000:00:16.3:   bridge window [mem 0xfc700000-0xfc7fffff]
[    0.290720] pci 0000:00:16.3:   bridge window [mem 0xe6f00000-0xe6ffffff 64bit pref]
[    0.290990] pci 0000:00:16.4: PCI bridge to [bus 0f]
[    0.291117] pci 0000:00:16.4:   bridge window [mem 0xfc300000-0xfc3fffff]
[    0.291150] pci 0000:00:16.4:   bridge window [mem 0xe6b00000-0xe6bfffff 64bit pref]
[    0.291412] pci 0000:00:16.5: PCI bridge to [bus 10]
[    0.291536] pci 0000:00:16.5:   bridge window [mem 0xfbf00000-0xfbffffff]
[    0.291568] pci 0000:00:16.5:   bridge window [mem 0xe6700000-0xe67fffff 64bit pref]
[    0.291842] pci 0000:00:16.6: PCI bridge to [bus 11]
[    0.291968] pci 0000:00:16.6:   bridge window [mem 0xfbb00000-0xfbbfffff]
[    0.292000] pci 0000:00:16.6:   bridge window [mem 0xe6300000-0xe63fffff 64bit pref]
[    0.292255] pci 0000:00:16.7: PCI bridge to [bus 12]
[    0.292389] pci 0000:00:16.7:   bridge window [mem 0xfb700000-0xfb7fffff]
[    0.292422] pci 0000:00:16.7:   bridge window [mem 0xe5f00000-0xe5ffffff 64bit pref]
[    0.292687] pci 0000:00:17.0: PCI bridge to [bus 13]
[    0.292795] pci 0000:00:17.0:   bridge window [io  0x6000-0x6fff]
[    0.292813] pci 0000:00:17.0:   bridge window [mem 0xfd200000-0xfd2fffff]
[    0.292846] pci 0000:00:17.0:   bridge window [mem 0xe7a00000-0xe7afffff 64bit pref]
[    0.293106] pci 0000:00:17.1: PCI bridge to [bus 14]
[    0.293266] pci 0000:00:17.1:   bridge window [io  0xa000-0xafff]
[    0.293283] pci 0000:00:17.1:   bridge window [mem 0xfce00000-0xfcefffff]
[    0.293316] pci 0000:00:17.1:   bridge window [mem 0xe7600000-0xe76fffff 64bit pref]
[    0.293580] pci 0000:00:17.2: PCI bridge to [bus 15]
[    0.293698] pci 0000:00:17.2:   bridge window [io  0xe000-0xefff]
[    0.293715] pci 0000:00:17.2:   bridge window [mem 0xfca00000-0xfcafffff]
[    0.293748] pci 0000:00:17.2:   bridge window [mem 0xe7200000-0xe72fffff 64bit pref]
[    0.294003] pci 0000:00:17.3: PCI bridge to [bus 16]
[    0.294128] pci 0000:00:17.3:   bridge window [mem 0xfc600000-0xfc6fffff]
[    0.294161] pci 0000:00:17.3:   bridge window [mem 0xe6e00000-0xe6efffff 64bit pref]
[    0.294427] pci 0000:00:17.4: PCI bridge to [bus 17]
[    0.294552] pci 0000:00:17.4:   bridge window [mem 0xfc200000-0xfc2fffff]
[    0.294585] pci 0000:00:17.4:   bridge window [mem 0xe6a00000-0xe6afffff 64bit pref]
[    0.294861] pci 0000:00:17.5: PCI bridge to [bus 18]
[    0.294996] pci 0000:00:17.5:   bridge window [mem 0xfbe00000-0xfbefffff]
[    0.295029] pci 0000:00:17.5:   bridge window [mem 0xe6600000-0xe66fffff 64bit pref]
[    0.295281] pci 0000:00:17.6: PCI bridge to [bus 19]
[    0.295415] pci 0000:00:17.6:   bridge window [mem 0xfba00000-0xfbafffff]
[    0.295448] pci 0000:00:17.6:   bridge window [mem 0xe6200000-0xe62fffff 64bit pref]
[    0.295713] pci 0000:00:17.7: PCI bridge to [bus 1a]
[    0.295846] pci 0000:00:17.7:   bridge window [mem 0xfb600000-0xfb6fffff]
[    0.295880] pci 0000:00:17.7:   bridge window [mem 0xe5e00000-0xe5efffff 64bit pref]
[    0.296135] pci 0000:00:18.0: PCI bridge to [bus 1b]
[    0.296244] pci 0000:00:18.0:   bridge window [io  0x7000-0x7fff]
[    0.296262] pci 0000:00:18.0:   bridge window [mem 0xfd100000-0xfd1fffff]
[    0.296294] pci 0000:00:18.0:   bridge window [mem 0xe7900000-0xe79fffff 64bit pref]
[    0.296555] pci 0000:00:18.1: PCI bridge to [bus 1c]
[    0.296667] pci 0000:00:18.1:   bridge window [io  0xb000-0xbfff]
[    0.296690] pci 0000:00:18.1:   bridge window [mem 0xfcd00000-0xfcdfffff]
[    0.296723] pci 0000:00:18.1:   bridge window [mem 0xe7500000-0xe75fffff 64bit pref]
[    0.296980] pci 0000:00:18.2: PCI bridge to [bus 1d]
[    0.297105] pci 0000:00:18.2:   bridge window [mem 0xfc900000-0xfc9fffff]
[    0.297137] pci 0000:00:18.2:   bridge window [mem 0xe7100000-0xe71fffff 64bit pref]
[    0.297393] pci 0000:00:18.3: PCI bridge to [bus 1e]
[    0.297525] pci 0000:00:18.3:   bridge window [mem 0xfc500000-0xfc5fffff]
[    0.297558] pci 0000:00:18.3:   bridge window [mem 0xe6d00000-0xe6dfffff 64bit pref]
[    0.297819] pci 0000:00:18.4: PCI bridge to [bus 1f]
[    0.297945] pci 0000:00:18.4:   bridge window [mem 0xfc100000-0xfc1fffff]
[    0.297978] pci 0000:00:18.4:   bridge window [mem 0xe6900000-0xe69fffff 64bit pref]
[    0.298232] pci 0000:00:18.5: PCI bridge to [bus 20]
[    0.298356] pci 0000:00:18.5:   bridge window [mem 0xfbd00000-0xfbdfffff]
[    0.298389] pci 0000:00:18.5:   bridge window [mem 0xe6500000-0xe65fffff 64bit pref]
[    0.298656] pci 0000:00:18.6: PCI bridge to [bus 21]
[    0.298791] pci 0000:00:18.6:   bridge window [mem 0xfb900000-0xfb9fffff]
[    0.298825] pci 0000:00:18.6:   bridge window [mem 0xe6100000-0xe61fffff 64bit pref]
[    0.299079] pci 0000:00:18.7: PCI bridge to [bus 22]
[    0.299203] pci 0000:00:18.7:   bridge window [mem 0xfb500000-0xfb5fffff]
[    0.299236] pci 0000:00:18.7:   bridge window [mem 0xe5d00000-0xe5dfffff 64bit pref]
[    0.300908] ACPI: PCI Interrupt Link [LNKA] (IRQs 3 4 5 6 7 *9 10 11 14 15)
[    0.301276] ACPI: PCI Interrupt Link [LNKB] (IRQs 3 4 5 6 7 9 10 11 14 15) *0, disabled.
[    0.301750] ACPI: PCI Interrupt Link [LNKC] (IRQs 3 4 5 6 7 9 *10 11 14 15)
[    0.302113] ACPI: PCI Interrupt Link [LNKD] (IRQs 3 4 5 6 7 9 10 *11 14 15)
[    0.307301] ACPI: Enabled 2 GPEs in block 00 to 0F
[    0.307672] vgaarb: setting as boot device: PCI:0000:00:0f.0
[    0.307835] vgaarb: device added: PCI:0000:00:0f.0,decodes=io+mem,owns=io+mem,locks=none
[    0.308027] vgaarb: loaded
[    0.308105] vgaarb: bridge control possible 0000:00:0f.0
[    0.308424] SCSI subsystem initialized
[    0.308576] libata version 3.00 loaded.
[    0.308607] ACPI: bus type USB registered
[    0.308712] usbcore: registered new interface driver usbfs
[    0.310114] usbcore: registered new interface driver hub
[    0.310224] usbcore: registered new device driver usb
[    0.310485] PCI: Using ACPI for IRQ routing
[    0.333482] PCI: pci_cache_line_size set to 64 bytes
[    0.334199] e820: reserve RAM buffer [mem 0x0009f400-0x0009ffff]
[    0.334202] e820: reserve RAM buffer [mem 0xbfef0000-0xbfffffff]
[    0.334327] NetLabel: Initializing
[    0.334413] NetLabel:  domain hash size = 128
[    0.334501] NetLabel:  protocols = UNLABELED CIPSOv4
[    0.334601] NetLabel:  unlabeled traffic allowed by default
[    0.334850] hpet0: at MMIO 0xfed00000, IRQs 2, 8, 0, 0, 0, 0, 0, 0, 0, 0, 0, 0, 0, 0, 0, 0
[    0.335307] hpet0: 16 comparators, 64-bit 14.318180 MHz counter
[    0.337480] clocksource: Switched to clocksource hpet
[    0.343606] AppArmor: AppArmor Filesystem Enabled
[    0.343749] pnp: PnP ACPI init
[    0.343994] system 00:00: [io  0x1000-0x103f] could not be reserved
[    0.344100] system 00:00: [io  0x1040-0x104f] has been reserved
[    0.344207] system 00:00: [io  0x0cf0-0x0cf1] has been reserved
[    0.344308] system 00:00: Plug and Play ACPI device, IDs PNP0c02 (active)
[    0.344341] pnp 00:01: Plug and Play ACPI device, IDs PNP0b00 (active)
[    0.344361] pnp 00:02: Plug and Play ACPI device, IDs PNP0303 (active)
[    0.344384] pnp 00:03: Plug and Play ACPI device, IDs PNP0f13 (active)
[    0.344539] system 00:04: [mem 0xfed00000-0xfed003ff] has been reserved
[    0.344646] system 00:04: Plug and Play ACPI device, IDs PNP0103 PNP0c01 (active)
[    0.345856] system 00:05: [io  0xfce0-0xfcff] has been reserved
[    0.345964] system 00:05: [mem 0xf0000000-0xf7ffffff] has been reserved
[    0.346070] system 00:05: [mem 0xfe800000-0xfe9fffff] has been reserved
[    0.346180] system 00:05: Plug and Play ACPI device, IDs PNP0c02 (active)
[    0.349570] pnp: PnP ACPI: found 6 devices
[    0.356775] clocksource: acpi_pm: mask: 0xffffff max_cycles: 0xffffff, max_idle_ns: 2085701024 ns
[    0.357068] pci 0000:00:15.0: bridge window [mem 0x00100000-0x000fffff 64bit pref] to [bus 03] add_size 200000 add_align 100000
[    0.357210] pci 0000:00:15.3: bridge window [io  0x1000-0x0fff] to [bus 06] add_size 1000
[    0.357258] pci 0000:00:15.4: bridge window [io  0x1000-0x0fff] to [bus 07] add_size 1000
[    0.357310] pci 0000:00:15.5: bridge window [io  0x1000-0x0fff] to [bus 08] add_size 1000
[    0.357362] pci 0000:00:15.6: bridge window [io  0x1000-0x0fff] to [bus 09] add_size 1000
[    0.357410] pci 0000:00:15.7: bridge window [io  0x1000-0x0fff] to [bus 0a] add_size 1000
[    0.357459] pci 0000:00:16.0: bridge window [mem 0x00100000-0x000fffff 64bit pref] to [bus 0b] add_size 200000 add_align 100000
[    0.357610] pci 0000:00:16.3: bridge window [io  0x1000-0x0fff] to [bus 0e] add_size 1000
[    0.357658] pci 0000:00:16.4: bridge window [io  0x1000-0x0fff] to [bus 0f] add_size 1000
[    0.357706] pci 0000:00:16.5: bridge window [io  0x1000-0x0fff] to [bus 10] add_size 1000
[    0.357755] pci 0000:00:16.6: bridge window [io  0x1000-0x0fff] to [bus 11] add_size 1000
[    0.357803] pci 0000:00:16.7: bridge window [io  0x1000-0x0fff] to [bus 12] add_size 1000
[    0.357991] pci 0000:00:17.3: bridge window [io  0x1000-0x0fff] to [bus 16] add_size 1000
[    0.358039] pci 0000:00:17.4: bridge window [io  0x1000-0x0fff] to [bus 17] add_size 1000
[    0.358087] pci 0000:00:17.5: bridge window [io  0x1000-0x0fff] to [bus 18] add_size 1000
[    0.358134] pci 0000:00:17.6: bridge window [io  0x1000-0x0fff] to [bus 19] add_size 1000
[    0.358182] pci 0000:00:17.7: bridge window [io  0x1000-0x0fff] to [bus 1a] add_size 1000
[    0.358326] pci 0000:00:18.2: bridge window [io  0x1000-0x0fff] to [bus 1d] add_size 1000
[    0.358377] pci 0000:00:18.3: bridge window [io  0x1000-0x0fff] to [bus 1e] add_size 1000
[    0.358426] pci 0000:00:18.4: bridge window [io  0x1000-0x0fff] to [bus 1f] add_size 1000
[    0.358474] pci 0000:00:18.5: bridge window [io  0x1000-0x0fff] to [bus 20] add_size 1000
[    0.358522] pci 0000:00:18.6: bridge window [io  0x1000-0x0fff] to [bus 21] add_size 1000
[    0.358570] pci 0000:00:18.7: bridge window [io  0x1000-0x0fff] to [bus 22] add_size 1000
[    0.358581] pci 0000:00:15.0: res[15]=[mem 0x00100000-0x000fffff 64bit pref] res_to_dev_res add_size 200000 min_align 100000
[    0.358583] pci 0000:00:15.0: res[15]=[mem 0x00100000-0x002fffff 64bit pref] res_to_dev_res add_size 200000 min_align 100000
[    0.358585] pci 0000:00:16.0: res[15]=[mem 0x00100000-0x000fffff 64bit pref] res_to_dev_res add_size 200000 min_align 100000
[    0.358587] pci 0000:00:16.0: res[15]=[mem 0x00100000-0x002fffff 64bit pref] res_to_dev_res add_size 200000 min_align 100000
[    0.358589] pci 0000:00:15.3: res[13]=[io  0x1000-0x0fff] res_to_dev_res add_size 1000 min_align 1000
[    0.358591] pci 0000:00:15.3: res[13]=[io  0x1000-0x1fff] res_to_dev_res add_size 1000 min_align 1000
[    0.358593] pci 0000:00:15.4: res[13]=[io  0x1000-0x0fff] res_to_dev_res add_size 1000 min_align 1000
[    0.358594] pci 0000:00:15.4: res[13]=[io  0x1000-0x1fff] res_to_dev_res add_size 1000 min_align 1000
[    0.358596] pci 0000:00:15.5: res[13]=[io  0x1000-0x0fff] res_to_dev_res add_size 1000 min_align 1000
[    0.358598] pci 0000:00:15.5: res[13]=[io  0x1000-0x1fff] res_to_dev_res add_size 1000 min_align 1000
[    0.358599] pci 0000:00:15.6: res[13]=[io  0x1000-0x0fff] res_to_dev_res add_size 1000 min_align 1000
[    0.358601] pci 0000:00:15.6: res[13]=[io  0x1000-0x1fff] res_to_dev_res add_size 1000 min_align 1000
[    0.358603] pci 0000:00:15.7: res[13]=[io  0x1000-0x0fff] res_to_dev_res add_size 1000 min_align 1000
[    0.358605] pci 0000:00:15.7: res[13]=[io  0x1000-0x1fff] res_to_dev_res add_size 1000 min_align 1000
[    0.358606] pci 0000:00:16.3: res[13]=[io  0x1000-0x0fff] res_to_dev_res add_size 1000 min_align 1000
[    0.358608] pci 0000:00:16.3: res[13]=[io  0x1000-0x1fff] res_to_dev_res add_size 1000 min_align 1000
[    0.358610] pci 0000:00:16.4: res[13]=[io  0x1000-0x0fff] res_to_dev_res add_size 1000 min_align 1000
[    0.358611] pci 0000:00:16.4: res[13]=[io  0x1000-0x1fff] res_to_dev_res add_size 1000 min_align 1000
[    0.358613] pci 0000:00:16.5: res[13]=[io  0x1000-0x0fff] res_to_dev_res add_size 1000 min_align 1000
[    0.358615] pci 0000:00:16.5: res[13]=[io  0x1000-0x1fff] res_to_dev_res add_size 1000 min_align 1000
[    0.358617] pci 0000:00:16.6: res[13]=[io  0x1000-0x0fff] res_to_dev_res add_size 1000 min_align 1000
[    0.358618] pci 0000:00:16.6: res[13]=[io  0x1000-0x1fff] res_to_dev_res add_size 1000 min_align 1000
[    0.358620] pci 0000:00:16.7: res[13]=[io  0x1000-0x0fff] res_to_dev_res add_size 1000 min_align 1000
[    0.358622] pci 0000:00:16.7: res[13]=[io  0x1000-0x1fff] res_to_dev_res add_size 1000 min_align 1000
[    0.358623] pci 0000:00:17.3: res[13]=[io  0x1000-0x0fff] res_to_dev_res add_size 1000 min_align 1000
[    0.358625] pci 0000:00:17.3: res[13]=[io  0x1000-0x1fff] res_to_dev_res add_size 1000 min_align 1000
[    0.358627] pci 0000:00:17.4: res[13]=[io  0x1000-0x0fff] res_to_dev_res add_size 1000 min_align 1000
[    0.358628] pci 0000:00:17.4: res[13]=[io  0x1000-0x1fff] res_to_dev_res add_size 1000 min_align 1000
[    0.358630] pci 0000:00:17.5: res[13]=[io  0x1000-0x0fff] res_to_dev_res add_size 1000 min_align 1000
[    0.358632] pci 0000:00:17.5: res[13]=[io  0x1000-0x1fff] res_to_dev_res add_size 1000 min_align 1000
[    0.358633] pci 0000:00:17.6: res[13]=[io  0x1000-0x0fff] res_to_dev_res add_size 1000 min_align 1000
[    0.358635] pci 0000:00:17.6: res[13]=[io  0x1000-0x1fff] res_to_dev_res add_size 1000 min_align 1000
[    0.358637] pci 0000:00:17.7: res[13]=[io  0x1000-0x0fff] res_to_dev_res add_size 1000 min_align 1000
[    0.358638] pci 0000:00:17.7: res[13]=[io  0x1000-0x1fff] res_to_dev_res add_size 1000 min_align 1000
[    0.358640] pci 0000:00:18.2: res[13]=[io  0x1000-0x0fff] res_to_dev_res add_size 1000 min_align 1000
[    0.358642] pci 0000:00:18.2: res[13]=[io  0x1000-0x1fff] res_to_dev_res add_size 1000 min_align 1000
[    0.358643] pci 0000:00:18.3: res[13]=[io  0x1000-0x0fff] res_to_dev_res add_size 1000 min_align 1000
[    0.358645] pci 0000:00:18.3: res[13]=[io  0x1000-0x1fff] res_to_dev_res add_size 1000 min_align 1000
[    0.358647] pci 0000:00:18.4: res[13]=[io  0x1000-0x0fff] res_to_dev_res add_size 1000 min_align 1000
[    0.358649] pci 0000:00:18.4: res[13]=[io  0x1000-0x1fff] res_to_dev_res add_size 1000 min_align 1000
[    0.358650] pci 0000:00:18.5: res[13]=[io  0x1000-0x0fff] res_to_dev_res add_size 1000 min_align 1000
[    0.358652] pci 0000:00:18.5: res[13]=[io  0x1000-0x1fff] res_to_dev_res add_size 1000 min_align 1000
[    0.358654] pci 0000:00:18.6: res[13]=[io  0x1000-0x0fff] res_to_dev_res add_size 1000 min_align 1000
[    0.358655] pci 0000:00:18.6: res[13]=[io  0x1000-0x1fff] res_to_dev_res add_size 1000 min_align 1000
[    0.358657] pci 0000:00:18.7: res[13]=[io  0x1000-0x0fff] res_to_dev_res add_size 1000 min_align 1000
[    0.358659] pci 0000:00:18.7: res[13]=[io  0x1000-0x1fff] res_to_dev_res add_size 1000 min_align 1000
[    0.358666] pci 0000:00:15.0: BAR 15: assigned [mem 0xc0000000-0xc01fffff 64bit pref]
[    0.358825] pci 0000:00:16.0: BAR 15: assigned [mem 0xc0200000-0xc03fffff 64bit pref]
[    0.358982] pci 0000:00:0f.0: BAR 6: assigned [mem 0xc0400000-0xc0407fff pref]
[    0.359134] pci 0000:00:15.3: BAR 13: no space for [io  size 0x1000]
[    0.359234] pci 0000:00:15.3: BAR 13: failed to assign [io  size 0x1000]
[    0.359344] pci 0000:00:15.4: BAR 13: no space for [io  size 0x1000]
[    0.359448] pci 0000:00:15.4: BAR 13: failed to assign [io  size 0x1000]
[    0.359553] pci 0000:00:15.5: BAR 13: no space for [io  size 0x1000]
[    0.359655] pci 0000:00:15.5: BAR 13: failed to assign [io  size 0x1000]
[    0.359759] pci 0000:00:15.6: BAR 13: no space for [io  size 0x1000]
[    0.359862] pci 0000:00:15.6: BAR 13: failed to assign [io  size 0x1000]
[    0.359969] pci 0000:00:15.7: BAR 13: no space for [io  size 0x1000]
[    0.360069] pci 0000:00:15.7: BAR 13: failed to assign [io  size 0x1000]
[    0.360174] pci 0000:00:16.3: BAR 13: no space for [io  size 0x1000]
[    0.360277] pci 0000:00:16.3: BAR 13: failed to assign [io  size 0x1000]
[    0.360387] pci 0000:00:16.4: BAR 13: no space for [io  size 0x1000]
[    0.360490] pci 0000:00:16.4: BAR 13: failed to assign [io  size 0x1000]
[    0.360595] pci 0000:00:16.5: BAR 13: no space for [io  size 0x1000]
[    0.360698] pci 0000:00:16.5: BAR 13: failed to assign [io  size 0x1000]
[    0.360802] pci 0000:00:16.6: BAR 13: no space for [io  size 0x1000]
[    0.360908] pci 0000:00:16.6: BAR 13: failed to assign [io  size 0x1000]
[    0.361013] pci 0000:00:16.7: BAR 13: no space for [io  size 0x1000]
[    0.361115] pci 0000:00:16.7: BAR 13: failed to assign [io  size 0x1000]
[    0.361219] pci 0000:00:17.3: BAR 13: no space for [io  size 0x1000]
[    0.361321] pci 0000:00:17.3: BAR 13: failed to assign [io  size 0x1000]
[    0.361432] pci 0000:00:17.4: BAR 13: no space for [io  size 0x1000]
[    0.361544] pci 0000:00:17.4: BAR 13: failed to assign [io  size 0x1000]
[    0.361649] pci 0000:00:17.5: BAR 13: no space for [io  size 0x1000]
[    0.361751] pci 0000:00:17.5: BAR 13: failed to assign [io  size 0x1000]
[    0.361855] pci 0000:00:17.6: BAR 13: no space for [io  size 0x1000]
[    0.361958] pci 0000:00:17.6: BAR 13: failed to assign [io  size 0x1000]
[    0.362063] pci 0000:00:17.7: BAR 13: no space for [io  size 0x1000]
[    0.362164] pci 0000:00:17.7: BAR 13: failed to assign [io  size 0x1000]
[    0.362269] pci 0000:00:18.2: BAR 13: no space for [io  size 0x1000]
[    0.362374] pci 0000:00:18.2: BAR 13: failed to assign [io  size 0x1000]
[    0.362482] pci 0000:00:18.3: BAR 13: no space for [io  size 0x1000]
[    0.362583] pci 0000:00:18.3: BAR 13: failed to assign [io  size 0x1000]
[    0.362688] pci 0000:00:18.4: BAR 13: no space for [io  size 0x1000]
[    0.362790] pci 0000:00:18.4: BAR 13: failed to assign [io  size 0x1000]
[    0.362896] pci 0000:00:18.5: BAR 13: no space for [io  size 0x1000]
[    0.362998] pci 0000:00:18.5: BAR 13: failed to assign [io  size 0x1000]
[    0.363102] pci 0000:00:18.6: BAR 13: no space for [io  size 0x1000]
[    0.363203] pci 0000:00:18.6: BAR 13: failed to assign [io  size 0x1000]
[    0.363308] pci 0000:00:18.7: BAR 13: no space for [io  size 0x1000]
[    0.363417] pci 0000:00:18.7: BAR 13: failed to assign [io  size 0x1000]
[    0.363525] pci 0000:00:18.7: BAR 13: no space for [io  size 0x1000]
[    0.363627] pci 0000:00:18.7: BAR 13: failed to assign [io  size 0x1000]
[    0.363733] pci 0000:00:18.6: BAR 13: no space for [io  size 0x1000]
[    0.363835] pci 0000:00:18.6: BAR 13: failed to assign [io  size 0x1000]
[    0.363942] pci 0000:00:18.5: BAR 13: no space for [io  size 0x1000]
[    0.364045] pci 0000:00:18.5: BAR 13: failed to assign [io  size 0x1000]
[    0.364150] pci 0000:00:18.4: BAR 13: no space for [io  size 0x1000]
[    0.364252] pci 0000:00:18.4: BAR 13: failed to assign [io  size 0x1000]
[    0.364356] pci 0000:00:18.3: BAR 13: no space for [io  size 0x1000]
[    0.364464] pci 0000:00:18.3: BAR 13: failed to assign [io  size 0x1000]
[    0.364570] pci 0000:00:18.2: BAR 13: no space for [io  size 0x1000]
[    0.364672] pci 0000:00:18.2: BAR 13: failed to assign [io  size 0x1000]
[    0.364778] pci 0000:00:17.7: BAR 13: no space for [io  size 0x1000]
[    0.364891] pci 0000:00:17.7: BAR 13: failed to assign [io  size 0x1000]
[    0.365054] pci 0000:00:17.6: BAR 13: no space for [io  size 0x1000]
[    0.365211] pci 0000:00:17.6: BAR 13: failed to assign [io  size 0x1000]
[    0.365376] pci 0000:00:17.5: BAR 13: no space for [io  size 0x1000]
[    0.365549] pci 0000:00:17.5: BAR 13: failed to assign [io  size 0x1000]
[    0.365656] pci 0000:00:17.4: BAR 13: no space for [io  size 0x1000]
[    0.365758] pci 0000:00:17.4: BAR 13: failed to assign [io  size 0x1000]
[    0.365864] pci 0000:00:17.3: BAR 13: no space for [io  size 0x1000]
[    0.365968] pci 0000:00:17.3: BAR 13: failed to assign [io  size 0x1000]
[    0.366072] pci 0000:00:16.7: BAR 13: no space for [io  size 0x1000]
[    0.366173] pci 0000:00:16.7: BAR 13: failed to assign [io  size 0x1000]
[    0.366278] pci 0000:00:16.6: BAR 13: no space for [io  size 0x1000]
[    0.366381] pci 0000:00:16.6: BAR 13: failed to assign [io  size 0x1000]
[    0.366491] pci 0000:00:16.5: BAR 13: no space for [io  size 0x1000]
[    0.366592] pci 0000:00:16.5: BAR 13: failed to assign [io  size 0x1000]
[    0.366697] pci 0000:00:16.4: BAR 13: no space for [io  size 0x1000]
[    0.366799] pci 0000:00:16.4: BAR 13: failed to assign [io  size 0x1000]
[    0.366905] pci 0000:00:16.3: BAR 13: no space for [io  size 0x1000]
[    0.367006] pci 0000:00:16.3: BAR 13: failed to assign [io  size 0x1000]
[    0.367110] pci 0000:00:15.7: BAR 13: no space for [io  size 0x1000]
[    0.367212] pci 0000:00:15.7: BAR 13: failed to assign [io  size 0x1000]
[    0.367317] pci 0000:00:15.6: BAR 13: no space for [io  size 0x1000]
[    0.367422] pci 0000:00:15.6: BAR 13: failed to assign [io  size 0x1000]
[    0.367529] pci 0000:00:15.5: BAR 13: no space for [io  size 0x1000]
[    0.367632] pci 0000:00:15.5: BAR 13: failed to assign [io  size 0x1000]
[    0.367737] pci 0000:00:15.4: BAR 13: no space for [io  size 0x1000]
[    0.367839] pci 0000:00:15.4: BAR 13: failed to assign [io  size 0x1000]
[    0.367947] pci 0000:00:15.3: BAR 13: no space for [io  size 0x1000]
[    0.368049] pci 0000:00:15.3: BAR 13: failed to assign [io  size 0x1000]
[    0.368155] pci 0000:00:01.0: PCI bridge to [bus 01]
[    0.368325] pci 0000:02:01.0: BAR 6: assigned [mem 0xfd500000-0xfd50ffff pref]
[    0.368483] pci 0000:00:11.0: PCI bridge to [bus 02]
[    0.368585] pci 0000:00:11.0:   bridge window [io  0x2000-0x3fff]
[    0.368710] pci 0000:00:11.0:   bridge window [mem 0xfd500000-0xfdffffff]
[    0.368830] pci 0000:00:11.0:   bridge window [mem 0xe7b00000-0xe7ffffff 64bit pref]
[    0.369017] pci 0000:03:00.0: BAR 6: assigned [mem 0xfd400000-0xfd40ffff pref]
[    0.369169] pci 0000:00:15.0: PCI bridge to [bus 03]
[    0.369270] pci 0000:00:15.0:   bridge window [io  0x4000-0x4fff]
[    0.369393] pci 0000:00:15.0:   bridge window [mem 0xfd400000-0xfd4fffff]
[    0.369529] pci 0000:00:15.0:   bridge window [mem 0xc0000000-0xc01fffff 64bit pref]
[    0.369726] pci 0000:00:15.1: PCI bridge to [bus 04]
[    0.369829] pci 0000:00:15.1:   bridge window [io  0x8000-0x8fff]
[    0.369954] pci 0000:00:15.1:   bridge window [mem 0xfd000000-0xfd0fffff]
[    0.370074] pci 0000:00:15.1:   bridge window [mem 0xe7800000-0xe78fffff 64bit pref]
[    0.370262] pci 0000:00:15.2: PCI bridge to [bus 05]
[    0.370364] pci 0000:00:15.2:   bridge window [io  0xc000-0xcfff]
[    0.370495] pci 0000:00:15.2:   bridge window [mem 0xfcc00000-0xfccfffff]
[    0.370616] pci 0000:00:15.2:   bridge window [mem 0xe7400000-0xe74fffff 64bit pref]
[    0.370805] pci 0000:00:15.3: PCI bridge to [bus 06]
[    0.370923] pci 0000:00:15.3:   bridge window [mem 0xfc800000-0xfc8fffff]
[    0.371043] pci 0000:00:15.3:   bridge window [mem 0xe7000000-0xe70fffff 64bit pref]
[    0.371231] pci 0000:00:15.4: PCI bridge to [bus 07]
[    0.371347] pci 0000:00:15.4:   bridge window [mem 0xfc400000-0xfc4fffff]
[    0.371474] pci 0000:00:15.4:   bridge window [mem 0xe6c00000-0xe6cfffff 64bit pref]
[    0.371663] pci 0000:00:15.5: PCI bridge to [bus 08]
[    0.371779] pci 0000:00:15.5:   bridge window [mem 0xfc000000-0xfc0fffff]
[    0.371900] pci 0000:00:15.5:   bridge window [mem 0xe6800000-0xe68fffff 64bit pref]
[    0.372087] pci 0000:00:15.6: PCI bridge to [bus 09]
[    0.372201] pci 0000:00:15.6:   bridge window [mem 0xfbc00000-0xfbcfffff]
[    0.372320] pci 0000:00:15.6:   bridge window [mem 0xe6400000-0xe64fffff 64bit pref]
[    0.372513] pci 0000:00:15.7: PCI bridge to [bus 0a]
[    0.372630] pci 0000:00:15.7:   bridge window [mem 0xfb800000-0xfb8fffff]
[    0.372750] pci 0000:00:15.7:   bridge window [mem 0xe6000000-0xe60fffff 64bit pref]
[    0.372940] pci 0000:0b:00.0: BAR 6: assigned [mem 0xfd300000-0xfd30ffff pref]
[    0.373090] pci 0000:00:16.0: PCI bridge to [bus 0b]
[    0.373191] pci 0000:00:16.0:   bridge window [io  0x5000-0x5fff]
[    0.373314] pci 0000:00:16.0:   bridge window [mem 0xfd300000-0xfd3fffff]
[    0.373434] pci 0000:00:16.0:   bridge window [mem 0xc0200000-0xc03fffff 64bit pref]
[    0.373643] pci 0000:00:16.1: PCI bridge to [bus 0c]
[    0.373746] pci 0000:00:16.1:   bridge window [io  0x9000-0x9fff]
[    0.373869] pci 0000:00:16.1:   bridge window [mem 0xfcf00000-0xfcffffff]
[    0.373990] pci 0000:00:16.1:   bridge window [mem 0xe7700000-0xe77fffff 64bit pref]
[    0.374177] pci 0000:00:16.2: PCI bridge to [bus 0d]
[    0.374278] pci 0000:00:16.2:   bridge window [io  0xd000-0xdfff]
[    0.374401] pci 0000:00:16.2:   bridge window [mem 0xfcb00000-0xfcbfffff]
[    0.374527] pci 0000:00:16.2:   bridge window [mem 0xe7300000-0xe73fffff 64bit pref]
[    0.374746] pci 0000:00:16.3: PCI bridge to [bus 0e]
[    0.374862] pci 0000:00:16.3:   bridge window [mem 0xfc700000-0xfc7fffff]
[    0.374986] pci 0000:00:16.3:   bridge window [mem 0xe6f00000-0xe6ffffff 64bit pref]
[    0.375172] pci 0000:00:16.4: PCI bridge to [bus 0f]
[    0.376621] pci 0000:00:16.4:   bridge window [mem 0xfc300000-0xfc3fffff]
[    0.376741] pci 0000:00:16.4:   bridge window [mem 0xe6b00000-0xe6bfffff 64bit pref]
[    0.376934] pci 0000:00:16.5: PCI bridge to [bus 10]
[    0.377049] pci 0000:00:16.5:   bridge window [mem 0xfbf00000-0xfbffffff]
[    0.377170] pci 0000:00:16.5:   bridge window [mem 0xe6700000-0xe67fffff 64bit pref]
[    0.377358] pci 0000:00:16.6: PCI bridge to [bus 11]
[    0.377474] pci 0000:00:16.6:   bridge window [mem 0xfbb00000-0xfbbfffff]
[    0.377613] pci 0000:00:16.6:   bridge window [mem 0xe6300000-0xe63fffff 64bit pref]
[    0.377805] pci 0000:00:16.7: PCI bridge to [bus 12]
[    0.377923] pci 0000:00:16.7:   bridge window [mem 0xfb700000-0xfb7fffff]
[    0.378044] pci 0000:00:16.7:   bridge window [mem 0xe5f00000-0xe5ffffff 64bit pref]
[    0.378233] pci 0000:00:17.0: PCI bridge to [bus 13]
[    0.378334] pci 0000:00:17.0:   bridge window [io  0x6000-0x6fff]
[    0.378458] pci 0000:00:17.0:   bridge window [mem 0xfd200000-0xfd2fffff]
[    0.378586] pci 0000:00:17.0:   bridge window [mem 0xe7a00000-0xe7afffff 64bit pref]
[    0.378776] pci 0000:00:17.1: PCI bridge to [bus 14]
[    0.378878] pci 0000:00:17.1:   bridge window [io  0xa000-0xafff]
[    0.379001] pci 0000:00:17.1:   bridge window [mem 0xfce00000-0xfcefffff]
[    0.379122] pci 0000:00:17.1:   bridge window [mem 0xe7600000-0xe76fffff 64bit pref]
[    0.379316] pci 0000:00:17.2: PCI bridge to [bus 15]
[    0.379468] pci 0000:00:17.2:   bridge window [io  0xe000-0xefff]
[    0.379654] pci 0000:00:17.2:   bridge window [mem 0xfca00000-0xfcafffff]
[    0.379830] pci 0000:00:17.2:   bridge window [mem 0xe7200000-0xe72fffff 64bit pref]
[    0.380055] pci 0000:00:17.3: PCI bridge to [bus 16]
[    0.380171] pci 0000:00:17.3:   bridge window [mem 0xfc600000-0xfc6fffff]
[    0.380290] pci 0000:00:17.3:   bridge window [mem 0xe6e00000-0xe6efffff 64bit pref]
[    0.380477] pci 0000:00:17.4: PCI bridge to [bus 17]
[    0.380600] pci 0000:00:17.4:   bridge window [mem 0xfc200000-0xfc2fffff]
[    0.380721] pci 0000:00:17.4:   bridge window [mem 0xe6a00000-0xe6afffff 64bit pref]
[    0.380911] pci 0000:00:17.5: PCI bridge to [bus 18]
[    0.381027] pci 0000:00:17.5:   bridge window [mem 0xfbe00000-0xfbefffff]
[    0.381147] pci 0000:00:17.5:   bridge window [mem 0xe6600000-0xe66fffff 64bit pref]
[    0.381335] pci 0000:00:17.6: PCI bridge to [bus 19]
[    0.381450] pci 0000:00:17.6:   bridge window [mem 0xfba00000-0xfbafffff]
[    0.381587] pci 0000:00:17.6:   bridge window [mem 0xe6200000-0xe62fffff 64bit pref]
[    0.381775] pci 0000:00:17.7: PCI bridge to [bus 1a]
[    0.381892] pci 0000:00:17.7:   bridge window [mem 0xfb600000-0xfb6fffff]
[    0.382011] pci 0000:00:17.7:   bridge window [mem 0xe5e00000-0xe5efffff 64bit pref]
[    0.382197] pci 0000:00:18.0: PCI bridge to [bus 1b]
[    0.382298] pci 0000:00:18.0:   bridge window [io  0x7000-0x7fff]
[    0.382420] pci 0000:00:18.0:   bridge window [mem 0xfd100000-0xfd1fffff]
[    0.382542] pci 0000:00:18.0:   bridge window [mem 0xe7900000-0xe79fffff 64bit pref]
[    0.382738] pci 0000:00:18.1: PCI bridge to [bus 1c]
[    0.382839] pci 0000:00:18.1:   bridge window [io  0xb000-0xbfff]
[    0.382962] pci 0000:00:18.1:   bridge window [mem 0xfcd00000-0xfcdfffff]
[    0.383082] pci 0000:00:18.1:   bridge window [mem 0xe7500000-0xe75fffff 64bit pref]
[    0.383271] pci 0000:00:18.2: PCI bridge to [bus 1d]
[    0.383386] pci 0000:00:18.2:   bridge window [mem 0xfc900000-0xfc9fffff]
[    0.383507] pci 0000:00:18.2:   bridge window [mem 0xe7100000-0xe71fffff 64bit pref]
[    0.383703] pci 0000:00:18.3: PCI bridge to [bus 1e]
[    0.383819] pci 0000:00:18.3:   bridge window [mem 0xfc500000-0xfc5fffff]
[    0.383940] pci 0000:00:18.3:   bridge window [mem 0xe6d00000-0xe6dfffff 64bit pref]
[    0.384126] pci 0000:00:18.4: PCI bridge to [bus 1f]
[    0.384242] pci 0000:00:18.4:   bridge window [mem 0xfc100000-0xfc1fffff]
[    0.384362] pci 0000:00:18.4:   bridge window [mem 0xe6900000-0xe69fffff 64bit pref]
[    0.384550] pci 0000:00:18.5: PCI bridge to [bus 20]
[    0.384674] pci 0000:00:18.5:   bridge window [mem 0xfbd00000-0xfbdfffff]
[    0.384795] pci 0000:00:18.5:   bridge window [mem 0xe6500000-0xe65fffff 64bit pref]
[    0.384994] pci 0000:00:18.6: PCI bridge to [bus 21]
[    0.385110] pci 0000:00:18.6:   bridge window [mem 0xfb900000-0xfb9fffff]
[    0.385230] pci 0000:00:18.6:   bridge window [mem 0xe6100000-0xe61fffff 64bit pref]
[    0.385419] pci 0000:00:18.7: PCI bridge to [bus 22]
[    0.385545] pci 0000:00:18.7:   bridge window [mem 0xfb500000-0xfb5fffff]
[    0.385674] pci 0000:00:18.7:   bridge window [mem 0xe5d00000-0xe5dfffff 64bit pref]
[    0.385865] pci_bus 0000:00: resource 4 [mem 0x000a0000-0x000bffff window]
[    0.385867] pci_bus 0000:00: resource 5 [mem 0x000d0000-0x000d3fff window]
[    0.385869] pci_bus 0000:00: resource 6 [mem 0x000d4000-0x000d7fff window]
[    0.385870] pci_bus 0000:00: resource 7 [mem 0x000d8000-0x000dbfff window]
[    0.385872] pci_bus 0000:00: resource 8 [mem 0xc0000000-0xfebfffff window]
[    0.385874] pci_bus 0000:00: resource 9 [io  0x0000-0x0cf7 window]
[    0.385876] pci_bus 0000:00: resource 10 [io  0x0d00-0xfeff window]
[    0.385878] pci_bus 0000:02: resource 0 [io  0x2000-0x3fff]
[    0.385879] pci_bus 0000:02: resource 1 [mem 0xfd500000-0xfdffffff]
[    0.385881] pci_bus 0000:02: resource 2 [mem 0xe7b00000-0xe7ffffff 64bit pref]
[    0.385883] pci_bus 0000:02: resource 4 [mem 0x000a0000-0x000bffff window]
[    0.385885] pci_bus 0000:02: resource 5 [mem 0x000d0000-0x000d3fff window]
[    0.385886] pci_bus 0000:02: resource 6 [mem 0x000d4000-0x000d7fff window]
[    0.385889] pci_bus 0000:02: resource 7 [mem 0x000d8000-0x000dbfff window]
[    0.385891] pci_bus 0000:02: resource 8 [mem 0xc0000000-0xfebfffff window]
[    0.385892] pci_bus 0000:02: resource 9 [io  0x0000-0x0cf7 window]
[    0.385894] pci_bus 0000:02: resource 10 [io  0x0d00-0xfeff window]
[    0.385896] pci_bus 0000:03: resource 0 [io  0x4000-0x4fff]
[    0.385897] pci_bus 0000:03: resource 1 [mem 0xfd400000-0xfd4fffff]
[    0.385899] pci_bus 0000:03: resource 2 [mem 0xc0000000-0xc01fffff 64bit pref]
[    0.385901] pci_bus 0000:04: resource 0 [io  0x8000-0x8fff]
[    0.385902] pci_bus 0000:04: resource 1 [mem 0xfd000000-0xfd0fffff]
[    0.385904] pci_bus 0000:04: resource 2 [mem 0xe7800000-0xe78fffff 64bit pref]
[    0.385905] pci_bus 0000:05: resource 0 [io  0xc000-0xcfff]
[    0.385907] pci_bus 0000:05: resource 1 [mem 0xfcc00000-0xfccfffff]
[    0.385909] pci_bus 0000:05: resource 2 [mem 0xe7400000-0xe74fffff 64bit pref]
[    0.385910] pci_bus 0000:06: resource 1 [mem 0xfc800000-0xfc8fffff]
[    0.385912] pci_bus 0000:06: resource 2 [mem 0xe7000000-0xe70fffff 64bit pref]
[    0.385914] pci_bus 0000:07: resource 1 [mem 0xfc400000-0xfc4fffff]
[    0.385915] pci_bus 0000:07: resource 2 [mem 0xe6c00000-0xe6cfffff 64bit pref]
[    0.385917] pci_bus 0000:08: resource 1 [mem 0xfc000000-0xfc0fffff]
[    0.385918] pci_bus 0000:08: resource 2 [mem 0xe6800000-0xe68fffff 64bit pref]
[    0.385920] pci_bus 0000:09: resource 1 [mem 0xfbc00000-0xfbcfffff]
[    0.385922] pci_bus 0000:09: resource 2 [mem 0xe6400000-0xe64fffff 64bit pref]
[    0.385923] pci_bus 0000:0a: resource 1 [mem 0xfb800000-0xfb8fffff]
[    0.385925] pci_bus 0000:0a: resource 2 [mem 0xe6000000-0xe60fffff 64bit pref]
[    0.385926] pci_bus 0000:0b: resource 0 [io  0x5000-0x5fff]
[    0.385928] pci_bus 0000:0b: resource 1 [mem 0xfd300000-0xfd3fffff]
[    0.385929] pci_bus 0000:0b: resource 2 [mem 0xc0200000-0xc03fffff 64bit pref]
[    0.385931] pci_bus 0000:0c: resource 0 [io  0x9000-0x9fff]
[    0.385933] pci_bus 0000:0c: resource 1 [mem 0xfcf00000-0xfcffffff]
[    0.385934] pci_bus 0000:0c: resource 2 [mem 0xe7700000-0xe77fffff 64bit pref]
[    0.385936] pci_bus 0000:0d: resource 0 [io  0xd000-0xdfff]
[    0.385937] pci_bus 0000:0d: resource 1 [mem 0xfcb00000-0xfcbfffff]
[    0.385939] pci_bus 0000:0d: resource 2 [mem 0xe7300000-0xe73fffff 64bit pref]
[    0.385940] pci_bus 0000:0e: resource 1 [mem 0xfc700000-0xfc7fffff]
[    0.385942] pci_bus 0000:0e: resource 2 [mem 0xe6f00000-0xe6ffffff 64bit pref]
[    0.385944] pci_bus 0000:0f: resource 1 [mem 0xfc300000-0xfc3fffff]
[    0.385945] pci_bus 0000:0f: resource 2 [mem 0xe6b00000-0xe6bfffff 64bit pref]
[    0.385947] pci_bus 0000:10: resource 1 [mem 0xfbf00000-0xfbffffff]
[    0.385949] pci_bus 0000:10: resource 2 [mem 0xe6700000-0xe67fffff 64bit pref]
[    0.385950] pci_bus 0000:11: resource 1 [mem 0xfbb00000-0xfbbfffff]
[    0.385952] pci_bus 0000:11: resource 2 [mem 0xe6300000-0xe63fffff 64bit pref]
[    0.385954] pci_bus 0000:12: resource 1 [mem 0xfb700000-0xfb7fffff]
[    0.385955] pci_bus 0000:12: resource 2 [mem 0xe5f00000-0xe5ffffff 64bit pref]
[    0.385957] pci_bus 0000:13: resource 0 [io  0x6000-0x6fff]
[    0.385958] pci_bus 0000:13: resource 1 [mem 0xfd200000-0xfd2fffff]
[    0.385960] pci_bus 0000:13: resource 2 [mem 0xe7a00000-0xe7afffff 64bit pref]
[    0.385961] pci_bus 0000:14: resource 0 [io  0xa000-0xafff]
[    0.385963] pci_bus 0000:14: resource 1 [mem 0xfce00000-0xfcefffff]
[    0.385964] pci_bus 0000:14: resource 2 [mem 0xe7600000-0xe76fffff 64bit pref]
[    0.385966] pci_bus 0000:15: resource 0 [io  0xe000-0xefff]
[    0.385967] pci_bus 0000:15: resource 1 [mem 0xfca00000-0xfcafffff]
[    0.385969] pci_bus 0000:15: resource 2 [mem 0xe7200000-0xe72fffff 64bit pref]
[    0.385971] pci_bus 0000:16: resource 1 [mem 0xfc600000-0xfc6fffff]
[    0.385972] pci_bus 0000:16: resource 2 [mem 0xe6e00000-0xe6efffff 64bit pref]
[    0.385974] pci_bus 0000:17: resource 1 [mem 0xfc200000-0xfc2fffff]
[    0.385975] pci_bus 0000:17: resource 2 [mem 0xe6a00000-0xe6afffff 64bit pref]
[    0.385977] pci_bus 0000:18: resource 1 [mem 0xfbe00000-0xfbefffff]
[    0.385979] pci_bus 0000:18: resource 2 [mem 0xe6600000-0xe66fffff 64bit pref]
[    0.385980] pci_bus 0000:19: resource 1 [mem 0xfba00000-0xfbafffff]
[    0.385982] pci_bus 0000:19: resource 2 [mem 0xe6200000-0xe62fffff 64bit pref]
[    0.385983] pci_bus 0000:1a: resource 1 [mem 0xfb600000-0xfb6fffff]
[    0.385985] pci_bus 0000:1a: resource 2 [mem 0xe5e00000-0xe5efffff 64bit pref]
[    0.385987] pci_bus 0000:1b: resource 0 [io  0x7000-0x7fff]
[    0.385988] pci_bus 0000:1b: resource 1 [mem 0xfd100000-0xfd1fffff]
[    0.385990] pci_bus 0000:1b: resource 2 [mem 0xe7900000-0xe79fffff 64bit pref]
[    0.385991] pci_bus 0000:1c: resource 0 [io  0xb000-0xbfff]
[    0.385993] pci_bus 0000:1c: resource 1 [mem 0xfcd00000-0xfcdfffff]
[    0.385994] pci_bus 0000:1c: resource 2 [mem 0xe7500000-0xe75fffff 64bit pref]
[    0.385996] pci_bus 0000:1d: resource 1 [mem 0xfc900000-0xfc9fffff]
[    0.385998] pci_bus 0000:1d: resource 2 [mem 0xe7100000-0xe71fffff 64bit pref]
[    0.385999] pci_bus 0000:1e: resource 1 [mem 0xfc500000-0xfc5fffff]
[    0.386001] pci_bus 0000:1e: resource 2 [mem 0xe6d00000-0xe6dfffff 64bit pref]
[    0.386003] pci_bus 0000:1f: resource 1 [mem 0xfc100000-0xfc1fffff]
[    0.386004] pci_bus 0000:1f: resource 2 [mem 0xe6900000-0xe69fffff 64bit pref]
[    0.386006] pci_bus 0000:20: resource 1 [mem 0xfbd00000-0xfbdfffff]
[    0.386007] pci_bus 0000:20: resource 2 [mem 0xe6500000-0xe65fffff 64bit pref]
[    0.386009] pci_bus 0000:21: resource 1 [mem 0xfb900000-0xfb9fffff]
[    0.386011] pci_bus 0000:21: resource 2 [mem 0xe6100000-0xe61fffff 64bit pref]
[    0.386012] pci_bus 0000:22: resource 1 [mem 0xfb500000-0xfb5fffff]
[    0.386014] pci_bus 0000:22: resource 2 [mem 0xe5d00000-0xe5dfffff 64bit pref]
[    0.386048] NET: Registered protocol family 2
[    0.386299] TCP established hash table entries: 32768 (order: 6, 262144 bytes)
[    0.386513] TCP bind hash table entries: 32768 (order: 7, 524288 bytes)
[    0.386697] TCP: Hash tables configured (established 32768 bind 32768)
[    0.386833] UDP hash table entries: 2048 (order: 4, 65536 bytes)
[    0.386947] UDP-Lite hash table entries: 2048 (order: 4, 65536 bytes)
[    0.387093] NET: Registered protocol family 1
[    0.387190] pci 0000:00:00.0: Limiting direct PCI/PCI transfers
[    0.387355] pci 0000:00:0f.0: Video device with shadowed ROM
[    0.387658] PCI: CLS 32 bytes, default 64
[    0.387702] Unpacking initramfs...
[    0.925255] Freeing initrd memory: 34584K (ffff880033c64000 - ffff880035e2a000)
[    0.925463] PCI-DMA: Using software bounce buffering for IO (SWIOTLB)
[    0.925578] software IO TLB [mem 0xbbef0000-0xbfef0000] (64MB) mapped at [ffff8800bbef0000-ffff8800bfeeffff]
[    0.925777] clocksource: tsc: mask: 0xffffffffffffffff max_cycles: 0x2a2d345295e, max_idle_ns: 440795264380 ns
[    0.925994] clocksource: Switched to clocksource tsc
[    0.926169] Scanning for low memory corruption every 60 seconds
[    0.926686] futex hash table entries: 512 (order: 3, 32768 bytes)
[    0.926870] audit: initializing netlink subsys (disabled)
[    0.927034] audit: type=2000 audit(1511814235.900:1): initialized
[    0.927404] Initialise system trusted keyring
[    0.927625] HugeTLB registered 2 MB page size, pre-allocated 0 pages
[    0.929115] zbud: loaded
[    0.929380] VFS: Disk quotas dquot_6.6.0
[    0.929513] VFS: Dquot-cache hash table entries: 512 (order 0, 4096 bytes)
[    0.929860] squashfs: version 4.0 (2009/01/31) Phillip Lougher
[    0.930215] fuse init (API version 7.23)
[    0.930438] Key type big_key registered
[    0.931122] Key type asymmetric registered
[    0.931212] Asymmetric key parser 'x509' registered
[    0.931340] Block layer SCSI generic (bsg) driver version 0.4 loaded (major 249)
[    0.931528] io scheduler noop registered
[    0.931616] io scheduler deadline registered (default)
[    0.931737] io scheduler cfq registered
[    0.945927] pcieport 0000:00:15.0: Signaling PME through PCIe PME interrupt
[    0.946038] pci 0000:03:00.0: Signaling PME through PCIe PME interrupt
[    0.946165] pcie_pme 0000:00:15.0:pcie01: service driver pcie_pme loaded
[    0.946294] pcieport 0000:00:15.1: Signaling PME through PCIe PME interrupt
[    0.946415] pcie_pme 0000:00:15.1:pcie01: service driver pcie_pme loaded
[    0.946543] pcieport 0000:00:15.2: Signaling PME through PCIe PME interrupt
[    0.946669] pcie_pme 0000:00:15.2:pcie01: service driver pcie_pme loaded
[    0.946794] pcieport 0000:00:15.3: Signaling PME through PCIe PME interrupt
[    0.946921] pcie_pme 0000:00:15.3:pcie01: service driver pcie_pme loaded
[    0.947049] pcieport 0000:00:15.4: Signaling PME through PCIe PME interrupt
[    0.947176] pcie_pme 0000:00:15.4:pcie01: service driver pcie_pme loaded
[    0.947304] pcieport 0000:00:15.5: Signaling PME through PCIe PME interrupt
[    0.947427] pcie_pme 0000:00:15.5:pcie01: service driver pcie_pme loaded
[    0.947552] pcieport 0000:00:15.6: Signaling PME through PCIe PME interrupt
[    0.947675] pcie_pme 0000:00:15.6:pcie01: service driver pcie_pme loaded
[    0.947802] pcieport 0000:00:15.7: Signaling PME through PCIe PME interrupt
[    0.947930] pcie_pme 0000:00:15.7:pcie01: service driver pcie_pme loaded
[    0.948057] pcieport 0000:00:16.0: Signaling PME through PCIe PME interrupt
[    0.948166] pci 0000:0b:00.0: Signaling PME through PCIe PME interrupt
[    0.948284] pcie_pme 0000:00:16.0:pcie01: service driver pcie_pme loaded
[    0.948412] pcieport 0000:00:16.1: Signaling PME through PCIe PME interrupt
[    0.948533] pcie_pme 0000:00:16.1:pcie01: service driver pcie_pme loaded
[    0.948661] pcieport 0000:00:16.2: Signaling PME through PCIe PME interrupt
[    0.948783] pcie_pme 0000:00:16.2:pcie01: service driver pcie_pme loaded
[    0.948915] pcieport 0000:00:16.3: Signaling PME through PCIe PME interrupt
[    0.949036] pcie_pme 0000:00:16.3:pcie01: service driver pcie_pme loaded
[    0.949167] pcieport 0000:00:16.4: Signaling PME through PCIe PME interrupt
[    0.949289] pcie_pme 0000:00:16.4:pcie01: service driver pcie_pme loaded
[    0.949415] pcieport 0000:00:16.5: Signaling PME through PCIe PME interrupt
[    0.949546] pcie_pme 0000:00:16.5:pcie01: service driver pcie_pme loaded
[    0.949677] pcieport 0000:00:16.6: Signaling PME through PCIe PME interrupt
[    0.949798] pcie_pme 0000:00:16.6:pcie01: service driver pcie_pme loaded
[    0.949928] pcieport 0000:00:16.7: Signaling PME through PCIe PME interrupt
[    0.950049] pcie_pme 0000:00:16.7:pcie01: service driver pcie_pme loaded
[    0.950180] pcieport 0000:00:17.0: Signaling PME through PCIe PME interrupt
[    0.950302] pcie_pme 0000:00:17.0:pcie01: service driver pcie_pme loaded
[    0.950429] pcieport 0000:00:17.1: Signaling PME through PCIe PME interrupt
[    0.950550] pcie_pme 0000:00:17.1:pcie01: service driver pcie_pme loaded
[    0.950677] pcieport 0000:00:17.2: Signaling PME through PCIe PME interrupt
[    0.950799] pcie_pme 0000:00:17.2:pcie01: service driver pcie_pme loaded
[    0.950929] pcieport 0000:00:17.3: Signaling PME through PCIe PME interrupt
[    0.951050] pcie_pme 0000:00:17.3:pcie01: service driver pcie_pme loaded
[    0.951181] pcieport 0000:00:17.4: Signaling PME through PCIe PME interrupt
[    0.951304] pcie_pme 0000:00:17.4:pcie01: service driver pcie_pme loaded
[    0.951430] pcieport 0000:00:17.5: Signaling PME through PCIe PME interrupt
[    0.951551] pcie_pme 0000:00:17.5:pcie01: service driver pcie_pme loaded
[    0.951678] pcieport 0000:00:17.6: Signaling PME through PCIe PME interrupt
[    0.951800] pcie_pme 0000:00:17.6:pcie01: service driver pcie_pme loaded
[    0.951929] pcieport 0000:00:17.7: Signaling PME through PCIe PME interrupt
[    0.952053] pcie_pme 0000:00:17.7:pcie01: service driver pcie_pme loaded
[    0.952183] pcieport 0000:00:18.0: Signaling PME through PCIe PME interrupt
[    0.952307] pcie_pme 0000:00:18.0:pcie01: service driver pcie_pme loaded
[    0.952434] pcieport 0000:00:18.1: Signaling PME through PCIe PME interrupt
[    0.952554] pcie_pme 0000:00:18.1:pcie01: service driver pcie_pme loaded
[    0.952682] pcieport 0000:00:18.2: Signaling PME through PCIe PME interrupt
[    0.952805] pcie_pme 0000:00:18.2:pcie01: service driver pcie_pme loaded
[    0.952931] pcieport 0000:00:18.3: Signaling PME through PCIe PME interrupt
[    0.953058] pcie_pme 0000:00:18.3:pcie01: service driver pcie_pme loaded
[    0.953184] pcieport 0000:00:18.4: Signaling PME through PCIe PME interrupt
[    0.953311] pcie_pme 0000:00:18.4:pcie01: service driver pcie_pme loaded
[    0.953439] pcieport 0000:00:18.5: Signaling PME through PCIe PME interrupt
[    0.953569] pcie_pme 0000:00:18.5:pcie01: service driver pcie_pme loaded
[    0.953697] pcieport 0000:00:18.6: Signaling PME through PCIe PME interrupt
[    0.953818] pcie_pme 0000:00:18.6:pcie01: service driver pcie_pme loaded
[    0.953945] pcieport 0000:00:18.7: Signaling PME through PCIe PME interrupt
[    0.954071] pcie_pme 0000:00:18.7:pcie01: service driver pcie_pme loaded
[    0.954079] pci_hotplug: PCI Hot Plug PCI Core version: 0.5
[    0.954210] pciehp 0000:00:15.0:pcie04: Slot #160 AttnBtn+ PwrCtrl+ MRL- AttnInd- PwrInd- HotPlug+ Surprise- Interlock- NoCompl+ LLActRep+
[    0.954448] pciehp 0000:00:15.0:pcie04: service driver pciehp loaded
[    0.954477] pciehp 0000:00:15.1:pcie04: Slot #161 AttnBtn+ PwrCtrl+ MRL- AttnInd- PwrInd- HotPlug+ Surprise- Interlock- NoCompl+ LLActRep+
[    0.954709] pciehp 0000:00:15.1:pcie04: service driver pciehp loaded
[    0.954737] pciehp 0000:00:15.2:pcie04: Slot #162 AttnBtn+ PwrCtrl+ MRL- AttnInd- PwrInd- HotPlug+ Surprise- Interlock- NoCompl+ LLActRep+
[    0.954978] pciehp 0000:00:15.2:pcie04: service driver pciehp loaded
[    0.955007] pciehp 0000:00:15.3:pcie04: Slot #163 AttnBtn+ PwrCtrl+ MRL- AttnInd- PwrInd- HotPlug+ Surprise- Interlock- NoCompl+ LLActRep+
[    0.955242] pciehp 0000:00:15.3:pcie04: service driver pciehp loaded
[    0.955276] pciehp 0000:00:15.4:pcie04: Slot #164 AttnBtn+ PwrCtrl+ MRL- AttnInd- PwrInd- HotPlug+ Surprise- Interlock- NoCompl+ LLActRep+
[    0.955611] pciehp 0000:00:15.4:pcie04: service driver pciehp loaded
[    0.955641] pciehp 0000:00:15.5:pcie04: Slot #165 AttnBtn+ PwrCtrl+ MRL- AttnInd- PwrInd- HotPlug+ Surprise- Interlock- NoCompl+ LLActRep+
[    0.955980] pciehp 0000:00:15.5:pcie04: service driver pciehp loaded
[    0.956010] pciehp 0000:00:15.6:pcie04: Slot #166 AttnBtn+ PwrCtrl+ MRL- AttnInd- PwrInd- HotPlug+ Surprise- Interlock- NoCompl+ LLActRep+
[    0.956243] pciehp 0000:00:15.6:pcie04: service driver pciehp loaded
[    0.956273] pciehp 0000:00:15.7:pcie04: Slot #167 AttnBtn+ PwrCtrl+ MRL- AttnInd- PwrInd- HotPlug+ Surprise- Interlock- NoCompl+ LLActRep+
[    0.956502] pciehp 0000:00:15.7:pcie04: service driver pciehp loaded
[    0.956530] pciehp 0000:00:16.0:pcie04: Slot #192 AttnBtn+ PwrCtrl+ MRL- AttnInd- PwrInd- HotPlug+ Surprise- Interlock- NoCompl+ LLActRep+
[    0.956759] pciehp 0000:00:16.0:pcie04: service driver pciehp loaded
[    0.956787] pciehp 0000:00:16.1:pcie04: Slot #193 AttnBtn+ PwrCtrl+ MRL- AttnInd- PwrInd- HotPlug+ Surprise- Interlock- NoCompl+ LLActRep+
[    0.957021] pciehp 0000:00:16.1:pcie04: service driver pciehp loaded
[    0.957050] pciehp 0000:00:16.2:pcie04: Slot #194 AttnBtn+ PwrCtrl+ MRL- AttnInd- PwrInd- HotPlug+ Surprise- Interlock- NoCompl+ LLActRep+
[    0.957282] pciehp 0000:00:16.2:pcie04: service driver pciehp loaded
[    0.957310] pciehp 0000:00:16.3:pcie04: Slot #195 AttnBtn+ PwrCtrl+ MRL- AttnInd- PwrInd- HotPlug+ Surprise- Interlock- NoCompl+ LLActRep+
[    0.958883] pciehp 0000:00:16.3:pcie04: service driver pciehp loaded
[    0.958914] pciehp 0000:00:16.4:pcie04: Slot #196 AttnBtn+ PwrCtrl+ MRL- AttnInd- PwrInd- HotPlug+ Surprise- Interlock- NoCompl+ LLActRep+
[    0.959150] pciehp 0000:00:16.4:pcie04: service driver pciehp loaded
[    0.959180] pciehp 0000:00:16.5:pcie04: Slot #197 AttnBtn+ PwrCtrl+ MRL- AttnInd- PwrInd- HotPlug+ Surprise- Interlock- NoCompl+ LLActRep+
[    0.959415] pciehp 0000:00:16.5:pcie04: service driver pciehp loaded
[    0.959444] pciehp 0000:00:16.6:pcie04: Slot #198 AttnBtn+ PwrCtrl+ MRL- AttnInd- PwrInd- HotPlug+ Surprise- Interlock- NoCompl+ LLActRep+
[    0.959671] pciehp 0000:00:16.6:pcie04: service driver pciehp loaded
[    0.959700] pciehp 0000:00:16.7:pcie04: Slot #199 AttnBtn+ PwrCtrl+ MRL- AttnInd- PwrInd- HotPlug+ Surprise- Interlock- NoCompl+ LLActRep+
[    0.959927] pciehp 0000:00:16.7:pcie04: service driver pciehp loaded
[    0.959957] pciehp 0000:00:17.0:pcie04: Slot #224 AttnBtn+ PwrCtrl+ MRL- AttnInd- PwrInd- HotPlug+ Surprise- Interlock- NoCompl+ LLActRep+
[    0.960191] pciehp 0000:00:17.0:pcie04: service driver pciehp loaded
[    0.960219] pciehp 0000:00:17.1:pcie04: Slot #225 AttnBtn+ PwrCtrl+ MRL- AttnInd- PwrInd- HotPlug+ Surprise- Interlock- NoCompl+ LLActRep+
[    0.960452] pciehp 0000:00:17.1:pcie04: service driver pciehp loaded
[    0.960481] pciehp 0000:00:17.2:pcie04: Slot #226 AttnBtn+ PwrCtrl+ MRL- AttnInd- PwrInd- HotPlug+ Surprise- Interlock- NoCompl+ LLActRep+
[    0.960709] pciehp 0000:00:17.2:pcie04: service driver pciehp loaded
[    0.960738] pciehp 0000:00:17.3:pcie04: Slot #227 AttnBtn+ PwrCtrl+ MRL- AttnInd- PwrInd- HotPlug+ Surprise- Interlock- NoCompl+ LLActRep+
[    0.960968] pciehp 0000:00:17.3:pcie04: service driver pciehp loaded
[    0.960997] pciehp 0000:00:17.4:pcie04: Slot #228 AttnBtn+ PwrCtrl+ MRL- AttnInd- PwrInd- HotPlug+ Surprise- Interlock- NoCompl+ LLActRep+
[    0.961229] pciehp 0000:00:17.4:pcie04: service driver pciehp loaded
[    0.961258] pciehp 0000:00:17.5:pcie04: Slot #229 AttnBtn+ PwrCtrl+ MRL- AttnInd- PwrInd- HotPlug+ Surprise- Interlock- NoCompl+ LLActRep+
[    0.961512] pciehp 0000:00:17.5:pcie04: service driver pciehp loaded
[    0.961542] pciehp 0000:00:17.6:pcie04: Slot #230 AttnBtn+ PwrCtrl+ MRL- AttnInd- PwrInd- HotPlug+ Surprise- Interlock- NoCompl+ LLActRep+
[    0.961774] pciehp 0000:00:17.6:pcie04: service driver pciehp loaded
[    0.961804] pciehp 0000:00:17.7:pcie04: Slot #231 AttnBtn+ PwrCtrl+ MRL- AttnInd- PwrInd- HotPlug+ Surprise- Interlock- NoCompl+ LLActRep+
[    0.962030] pciehp 0000:00:17.7:pcie04: service driver pciehp loaded
[    0.962063] pciehp 0000:00:18.0:pcie04: Slot #256 AttnBtn+ PwrCtrl+ MRL- AttnInd- PwrInd- HotPlug+ Surprise- Interlock- NoCompl+ LLActRep+
[    0.962294] pciehp 0000:00:18.0:pcie04: service driver pciehp loaded
[    0.962324] pciehp 0000:00:18.1:pcie04: Slot #257 AttnBtn+ PwrCtrl+ MRL- AttnInd- PwrInd- HotPlug+ Surprise- Interlock- NoCompl+ LLActRep+
[    0.962553] pciehp 0000:00:18.1:pcie04: service driver pciehp loaded
[    0.962581] pciehp 0000:00:18.2:pcie04: Slot #258 AttnBtn+ PwrCtrl+ MRL- AttnInd- PwrInd- HotPlug+ Surprise- Interlock- NoCompl+ LLActRep+
[    0.962810] pciehp 0000:00:18.2:pcie04: service driver pciehp loaded
[    0.962838] pciehp 0000:00:18.3:pcie04: Slot #259 AttnBtn+ PwrCtrl+ MRL- AttnInd- PwrInd- HotPlug+ Surprise- Interlock- NoCompl+ LLActRep+
[    0.963068] pciehp 0000:00:18.3:pcie04: service driver pciehp loaded
[    0.963097] pciehp 0000:00:18.4:pcie04: Slot #260 AttnBtn+ PwrCtrl+ MRL- AttnInd- PwrInd- HotPlug+ Surprise- Interlock- NoCompl+ LLActRep+
[    0.963327] pciehp 0000:00:18.4:pcie04: service driver pciehp loaded
[    0.963356] pciehp 0000:00:18.5:pcie04: Slot #261 AttnBtn+ PwrCtrl+ MRL- AttnInd- PwrInd- HotPlug+ Surprise- Interlock- NoCompl+ LLActRep+
[    0.963584] pciehp 0000:00:18.5:pcie04: service driver pciehp loaded
[    0.963613] pciehp 0000:00:18.6:pcie04: Slot #262 AttnBtn+ PwrCtrl+ MRL- AttnInd- PwrInd- HotPlug+ Surprise- Interlock- NoCompl+ LLActRep+
[    0.963841] pciehp 0000:00:18.6:pcie04: service driver pciehp loaded
[    0.963869] pciehp 0000:00:18.7:pcie04: Slot #263 AttnBtn+ PwrCtrl+ MRL- AttnInd- PwrInd- HotPlug+ Surprise- Interlock- NoCompl+ LLActRep+
[    0.964112] pciehp 0000:00:18.7:pcie04: service driver pciehp loaded
[    0.964118] pciehp: PCI Express Hot Plug Controller Driver version: 0.4
[    0.964256] intel_idle: does not run on family 6 model 44
[    0.964416] ACPI: AC Adapter [ACAD] (on-line)
[    0.964568] input: Power Button as /devices/LNXSYSTM:00/LNXPWRBN:00/input/input0
[    0.964726] ACPI: Power Button [PWRF]
[    0.965130] GHES: HEST is not enabled!
[    0.965480] Serial: 8250/16550 driver, 32 ports, IRQ sharing enabled
[    0.966949] Linux agpgart interface v0.103
[    0.967207] agpgart-intel 0000:00:00.0: Intel 440BX Chipset
[    0.968072] agpgart-intel 0000:00:00.0: AGP aperture is 256M @ 0x0
[    0.969406] loop: module loaded
[    0.969630] ata_piix 0000:00:07.1: version 2.13
[    0.970119] scsi host0: ata_piix
[    0.970344] scsi host1: ata_piix
[    0.970459] ata1: PATA max UDMA/33 cmd 0x1f0 ctl 0x3f6 bmdma 0x1060 irq 14
[    0.970563] ata2: PATA max UDMA/33 cmd 0x170 ctl 0x376 bmdma 0x1068 irq 15
[    0.970750] libphy: Fixed MDIO Bus: probed
[    0.970848] tun: Universal TUN/TAP device driver, 1.6
[    0.970952] tun: (C) 1999-2004 Max Krasnyansky <maxk@qualcomm.com>
[    0.971330] PPP generic driver version 2.4.2
[    0.971476] ehci_hcd: USB 2.0 'Enhanced' Host Controller (EHCI) Driver
[    0.971584] ehci-pci: EHCI PCI platform driver
[    0.971685] ehci-platform: EHCI generic platform driver
[    0.971787] ohci_hcd: USB 1.1 'Open' Host Controller (OHCI) Driver
[    0.971888] ohci-pci: OHCI PCI platform driver
[    0.971988] ohci-platform: OHCI generic platform driver
[    0.972089] uhci_hcd: USB Universal Host Controller Interface driver
[    0.972248] i8042: PNP: PS/2 Controller [PNP0303:KBC,PNP0f13:MOUS] at 0x60,0x64 irq 1,12
[    0.973256] serio: i8042 KBD port at 0x60,0x64 irq 1
[    0.973354] serio: i8042 AUX port at 0x60,0x64 irq 12
[    0.973744] mousedev: PS/2 mouse device common for all mice
[    0.974340] rtc_cmos 00:01: rtc core: registered rtc_cmos as rtc0
[    0.974525] rtc_cmos 00:01: alarms up to one month, y3k, 114 bytes nvram, hpet irqs
[    0.974691] i2c /dev entries driver
[    0.974843] device-mapper: uevent: version 1.0.3
[    0.975036] device-mapper: ioctl: 4.34.0-ioctl (2015-10-28) initialised: dm-devel@redhat.com
[    0.975212] ledtrig-cpu: registered to indicate activity on CPUs
[    0.975777] NET: Registered protocol family 10
[    0.976015] NET: Registered protocol family 17
[    0.976114] Key type dns_resolver registered
[    0.976343] microcode: CPU0 sig=0x206c2, pf=0x1, revision=0xb00001f
[    0.976471] microcode: CPU1 sig=0x206c2, pf=0x1, revision=0xb00001f
[    0.976611] microcode: Microcode Update Driver: v2.01 <tigran@aivazian.fsnet.co.uk>, Peter Oruba
[    0.976943] registered taskstats version 1
[    0.977051] Loading compiled-in X.509 certificates
[    0.977889] Loaded X.509 cert 'Build time autogenerated kernel key: a7d501c9fcaee9acc40810196db191ac231efcdf'
[    0.978071] zswap: loaded using pool lzo/zbud
[    0.978337] input: AT Translated Set 2 keyboard as /devices/platform/i8042/serio0/input/input1
[    0.980013] Key type trusted registered
[    0.982940] Key type encrypted registered
[    0.983036] AppArmor: AppArmor sha1 policy hashing enabled
[    0.983134] ima: No TPM chip found, activating TPM-bypass!
[    0.983247] evm: HMAC attrs: 0x1
[    0.986408]   Magic number: 9:7:398
[    0.986522] pci 0000:00:07.3: hash matches
[    1.006586] rtc_cmos 00:01: setting system clock to 2017-11-27 20:23:56 UTC (1511814236)
[    1.006829] BIOS EDD facility v0.16 2004-Jun-25, 0 devices found
[    1.006933] EDD information not available.
[    1.007081] PM: Hibernation image not present or could not be loaded.
[    1.148606] Freeing unused kernel memory: 1452K (ffffffff81d3d000 - ffffffff81ea8000)
[    1.148768] Write protecting the kernel read-only data: 12288k
[    1.149023] Freeing unused kernel memory: 120K (ffff8800017e2000 - ffff880001800000)
[    1.149941] Freeing unused kernel memory: 332K (ffff880001bad000 - ffff880001c00000)
[    1.161356] random: systemd-udevd urandom read with 1 bits of entropy available
[    1.216655] FUJITSU Extended Socket Network Device Driver - version 1.0 - Copyright (c) 2015 FUJITSU LIMITED
[    1.253224] VMware PVSCSI driver - version 1.0.5.0-k
[    1.265720] vmw_pvscsi: using 64bit dma
[    1.265960] vmw_pvscsi: max_id: 16
[    1.266044] vmw_pvscsi: setting ring_pages to 8
[    1.273448] VMware vmxnet3 virtual NIC driver - version 1.4.5.0-k-NAPI
[    1.276337] ahci 0000:02:01.0: version 3.0
[    1.277182] ahci 0000:02:01.0: AHCI 0001.0300 32 slots 30 ports 6 Gbps 0x3fffffff impl SATA mode
[    1.277351] ahci 0000:02:01.0: flags: 64bit ncq clo only 
[    1.278611] vmxnet3 0000:0b:00.0: # of Tx queues : 2, # of Rx queues : 2
[    1.279693] vmxnet3 0000:0b:00.0 eth0: NIC Link is Up 10000 Mbps
[    1.296706] vmw_pvscsi: using MSI-X
[    1.296813] vmw_pvscsi: enabling reqCallThreshold
[    1.296959] vmw_pvscsi: driver-based request coalescing disabled
[    1.297068] scsi host2: VMware PVSCSI storage adapter rev 2, req/cmp/msg rings: 8/8/1 pages, cmd_per_lun=254
[    1.297289] vmw_pvscsi 0000:03:00.0: VMware PVSCSI rev 2 host #2
[    1.298125] [drm] Initialized drm 1.1.0 20060810
[    1.313009] scsi 2:0:0:0: Direct-Access     VMware   Virtual disk     1.0  PQ: 0 ANSI: 2
[    1.338150] scsi host3: ahci
[    1.342019] SSE version of gcm_enc/dec engaged.
[    1.373956] input: VirtualPS/2 VMware VMMouse as /devices/platform/i8042/serio1/input/input4
[    1.374326] input: VirtualPS/2 VMware VMMouse as /devices/platform/i8042/serio1/input/input3
[    1.377514] scsi host4: ahci
[    1.388077] scsi host5: ahci
[    1.388831] scsi host6: ahci
[    1.389754] scsi host7: ahci
[    1.390572] scsi host8: ahci
[    1.391428] [drm] DMA map mode: Using physical TTM page addresses.
[    1.391694] [drm] Capabilities:
[    1.391779] [drm]   Rect copy.
[    1.391860] [drm]   Cursor.
[    1.391939] [drm]   Cursor bypass.
[    1.392022] [drm]   Cursor bypass 2.
[    1.392107] [drm]   8bit emulation.
[    1.392191] [drm]   Alpha cursor.
[    1.392273] [drm]   Extended Fifo.
[    1.392357] [drm]   Multimon.
[    1.392437] [drm]   Pitchlock.
[    1.392525] [drm]   Irq mask.
[    1.392605] [drm]   Display Topology.
[    1.392690] [drm]   GMR.
[    1.392767] [drm]   Traces.
[    1.392846] [drm]   GMR2.
[    1.392924] [drm]   Screen Object 2.
[    1.393008] [drm]   Command Buffers.
[    1.393093] [drm]   Command Buffers 2.
[    1.393179] [drm]   Guest Backed Resources.
[    1.393268] [drm] Max GMR ids is 64
[    1.393352] [drm] Max number of GMR pages is 65536
[    1.393444] [drm] Max dedicated hypervisor surface memory is 0 kiB
[    1.393565] [drm] Maximum display memory size is 4096 kiB
[    1.393647] scsi host9: ahci
[    1.393749] [drm] VRAM at 0xe8000000 size is 4096 kiB
[    1.393844] [drm] MMIO at 0xfe000000 size is 256 kiB
[    1.393955] [drm] global init.
[    1.394096] [TTM] Zone  kernel: Available graphics memory: 2023590 kiB
[    1.394200] [TTM] Initializing pool allocator
[    1.394293] [TTM] Initializing DMA pool allocator
[    1.394345] scsi host10: ahci
[    1.394570] [drm] Supports vblank timestamp caching Rev 2 (21.10.2013).
[    1.394678] [drm] No driver support for vblank timestamp query.
[    1.395000] scsi host11: ahci
[    1.395629] scsi host12: ahci
[    1.396244] scsi host13: ahci
[    1.396727] [drm] Screen Target Display device initialized
[    1.396867] [drm] width 640
[    1.396954] [drm] height 480
[    1.397041] [drm] bpp 32
[    1.398484] [drm] Fifo max 0x00040000 min 0x00001000 cap 0x0000077f
[    1.399265] [drm] Using command buffers with DMA pool.
[    1.399367] [drm] DX: no.
[    1.401224] fbcon: svgadrmfb (fb0) is primary device
[    1.401273] scsi host14: ahci
[    1.403773] Console: switching to colour frame buffer device 100x37
[    1.404825] scsi host15: ahci
[    1.405956] scsi host16: ahci
[    1.413152] scsi host17: ahci
[    1.416239] scsi host18: ahci
[    1.416373] scsi host19: ahci
[    1.416517] sd 2:0:0:0: [sda] 33554432 512-byte logical blocks: (17.1 GB/16.0 GiB)
[    1.416519] sd 2:0:0:0: Attached scsi generic sg0 type 0
[    1.416581] sd 2:0:0:0: [sda] Write Protect is off
[    1.416599] sd 2:0:0:0: [sda] Mode Sense: 61 00 00 00
[    1.416612] sd 2:0:0:0: [sda] Cache data unavailable
[    1.416630] sd 2:0:0:0: [sda] Assuming drive cache: write through
[    1.417414] scsi host20: ahci
[    1.418250] vmxnet3 0000:0b:00.0 ens192: renamed from eth0
[    1.420022] [drm] Initialized vmwgfx 2.9.0 20150810 for 0000:00:0f.0 on minor 0
[    1.420166] scsi host21: ahci
[    1.420246]  sda: sda1 sda2 < sda5 >
[    1.420308] scsi host22: ahci
[    1.420382] scsi host23: ahci
[    1.420613] sd 2:0:0:0: [sda] Attached SCSI disk
[    1.421658] scsi host24: ahci
[    1.421740] scsi host25: ahci
[    1.421818] scsi host26: ahci
[    1.421895] scsi host27: ahci
[    1.421974] scsi host28: ahci
[    1.422044] scsi host29: ahci
[    1.422117] scsi host30: ahci
[    1.422194] scsi host31: ahci
[    1.422265] scsi host32: ahci
[    1.422306] ata3: SATA max UDMA/133 abar m4096@0xfd5ff000 port 0xfd5ff100 irq 56
[    1.422308] ata4: SATA max UDMA/133 abar m4096@0xfd5ff000 port 0xfd5ff180 irq 56
[    1.422309] ata5: SATA max UDMA/133 abar m4096@0xfd5ff000 port 0xfd5ff200 irq 56
[    1.422310] ata6: SATA max UDMA/133 abar m4096@0xfd5ff000 port 0xfd5ff280 irq 56
[    1.422312] ata7: SATA max UDMA/133 abar m4096@0xfd5ff000 port 0xfd5ff300 irq 56
[    1.422313] ata8: SATA max UDMA/133 abar m4096@0xfd5ff000 port 0xfd5ff380 irq 56
[    1.422314] ata9: SATA max UDMA/133 abar m4096@0xfd5ff000 port 0xfd5ff400 irq 56
[    1.422315] ata10: SATA max UDMA/133 abar m4096@0xfd5ff000 port 0xfd5ff480 irq 56
[    1.422317] ata11: SATA max UDMA/133 abar m4096@0xfd5ff000 port 0xfd5ff500 irq 56
[    1.422318] ata12: SATA max UDMA/133 abar m4096@0xfd5ff000 port 0xfd5ff580 irq 56
[    1.422319] ata13: SATA max UDMA/133 abar m4096@0xfd5ff000 port 0xfd5ff600 irq 56
[    1.422320] ata14: SATA max UDMA/133 abar m4096@0xfd5ff000 port 0xfd5ff680 irq 56
[    1.422322] ata15: SATA max UDMA/133 abar m4096@0xfd5ff000 port 0xfd5ff700 irq 56
[    1.422323] ata16: SATA max UDMA/133 abar m4096@0xfd5ff000 port 0xfd5ff780 irq 56
[    1.422324] ata17: SATA max UDMA/133 abar m4096@0xfd5ff000 port 0xfd5ff800 irq 56
[    1.422325] ata18: SATA max UDMA/133 abar m4096@0xfd5ff000 port 0xfd5ff880 irq 56
[    1.422327] ata19: SATA max UDMA/133 abar m4096@0xfd5ff000 port 0xfd5ff900 irq 56
[    1.422328] ata20: SATA max UDMA/133 abar m4096@0xfd5ff000 port 0xfd5ff980 irq 56
[    1.422329] ata21: SATA max UDMA/133 abar m4096@0xfd5ff000 port 0xfd5ffa00 irq 56
[    1.422331] ata22: SATA max UDMA/133 abar m4096@0xfd5ff000 port 0xfd5ffa80 irq 56
[    1.422333] ata23: SATA max UDMA/133 abar m4096@0xfd5ff000 port 0xfd5ffb00 irq 56
[    1.422334] ata24: SATA max UDMA/133 abar m4096@0xfd5ff000 port 0xfd5ffb80 irq 56
[    1.422335] ata25: SATA max UDMA/133 abar m4096@0xfd5ff000 port 0xfd5ffc00 irq 56
[    1.422336] ata26: SATA max UDMA/133 abar m4096@0xfd5ff000 port 0xfd5ffc80 irq 56
[    1.422337] ata27: SATA max UDMA/133 abar m4096@0xfd5ff000 port 0xfd5ffd00 irq 56
[    1.422339] ata28: SATA max UDMA/133 abar m4096@0xfd5ff000 port 0xfd5ffd80 irq 56
[    1.422340] ata29: SATA max UDMA/133 abar m4096@0xfd5ff000 port 0xfd5ffe00 irq 56
[    1.422341] ata30: SATA max UDMA/133 abar m4096@0xfd5ff000 port 0xfd5ffe80 irq 56
[    1.422343] ata31: SATA max UDMA/133 abar m4096@0xfd5ff000 port 0xfd5fff00 irq 56
[    1.422344] ata32: SATA max UDMA/133 abar m4096@0xfd5ff000 port 0xfd5fff80 irq 56
[    1.745568] ata3: SATA link up 6.0 Gbps (SStatus 133 SControl 300)
[    1.745969] ata6: SATA link down (SStatus 0 SControl 300)
[    1.746170] ata4: SATA link down (SStatus 0 SControl 300)
[    1.746402] ata5: SATA link down (SStatus 0 SControl 300)
[    1.746572] ata3.00: ATAPI: VMware Virtual SATA CDRW Drive, 00000001, max UDMA/33
[    1.746890] ata3.00: configured for UDMA/33
[    1.747337] scsi 3:0:0:0: CD-ROM            NECVMWar VMware SATA CD00 1.00 PQ: 0 ANSI: 5
[    1.749531] ata10: SATA link down (SStatus 0 SControl 300)
[    1.749772] ata11: SATA link down (SStatus 0 SControl 300)
[    1.749980] ata9: SATA link down (SStatus 0 SControl 300)
[    1.750199] ata13: SATA link down (SStatus 0 SControl 300)
[    1.750423] ata18: SATA link down (SStatus 0 SControl 300)
[    1.750666] ata20: SATA link down (SStatus 0 SControl 300)
[    1.750900] ata21: SATA link down (SStatus 0 SControl 300)
[    1.751108] ata12: SATA link down (SStatus 0 SControl 300)
[    1.751317] ata8: SATA link down (SStatus 0 SControl 300)
[    1.751539] ata17: SATA link down (SStatus 0 SControl 300)
[    1.753533] ata16: SATA link down (SStatus 0 SControl 300)
[    1.753776] ata32: SATA link down (SStatus 0 SControl 300)
[    1.754040] ata14: SATA link down (SStatus 0 SControl 300)
[    1.754276] ata27: SATA link down (SStatus 0 SControl 300)
[    1.754520] ata19: SATA link down (SStatus 0 SControl 300)
[    1.754758] ata30: SATA link down (SStatus 0 SControl 300)
[    1.755013] ata7: SATA link down (SStatus 0 SControl 300)
[    1.755257] ata26: SATA link down (SStatus 0 SControl 300)
[    1.755505] ata15: SATA link down (SStatus 0 SControl 300)
[    1.755757] ata24: SATA link down (SStatus 0 SControl 300)
[    1.756018] ata25: SATA link down (SStatus 0 SControl 300)
[    1.756270] ata28: SATA link down (SStatus 0 SControl 300)
[    1.757515] ata29: SATA link down (SStatus 0 SControl 300)
[    1.757771] ata23: SATA link down (SStatus 0 SControl 300)
[    1.758019] ata31: SATA link down (SStatus 0 SControl 300)
[    1.758273] ata22: SATA link down (SStatus 0 SControl 300)
[    1.758619] sr 3:0:0:0: [sr0] scsi3-mmc drive: 1x/1x writer dvd-ram cd/rw xa/form2 cdda tray
[    1.758887] cdrom: Uniform CD-ROM driver Revision: 3.20
[    1.759282] sr 3:0:0:0: Attached scsi CD-ROM sr0
[    1.759486] sr 3:0:0:0: Attached scsi generic sg1 type 5
[    1.882308] md: linear personality registered for level -1
[    1.886372] md: multipath personality registered for level -4
[    1.890445] md: raid0 personality registered for level 0
[    1.895734] md: raid1 personality registered for level 1
[    1.977507] raid6: sse2x1   gen()  7571 MB/s
[    2.045506] raid6: sse2x1   xor()  5624 MB/s
[    2.113504] raid6: sse2x2   gen()  9220 MB/s
[    2.181519] raid6: sse2x2   xor()  6230 MB/s
[    2.249503] raid6: sse2x4   gen() 10839 MB/s
[    2.317504] raid6: sse2x4   xor()  7584 MB/s
[    2.317776] raid6: using algorithm sse2x4 gen() 10839 MB/s
[    2.318048] raid6: .... xor() 7584 MB/s, rmw enabled
[    2.318321] raid6: using ssse3x2 recovery algorithm
[    2.320741] xor: measuring software checksum speed
[    2.357499]    prefetch64-sse: 12169.000 MB/sec
[    2.397498]    generic_sse: 11246.000 MB/sec
[    2.397793] xor: using function: prefetch64-sse (12169.000 MB/sec)
[    2.400236] async_tx: api initialized (async)
[    2.421312] md: raid6 personality registered for level 6
[    2.421659] md: raid5 personality registered for level 5
[    2.421983] md: raid4 personality registered for level 4
[    2.429939] md: raid10 personality registered for level 10
[    2.551692] Btrfs loaded
[    2.648509] EXT4-fs (sda1): mounted filesystem with ordered data mode. Opts: (null)
[    3.081200] systemd[1]: systemd 229 running in system mode. (+PAM +AUDIT +SELINUX +IMA +APPARMOR +SMACK +SYSVINIT +UTMP +LIBCRYPTSETUP +GCRYPT +GNUTLS +ACL +XZ -LZ4 +SECCOMP +BLKID +ELFUTILS +KMOD -IDN)
[    3.082704] systemd[1]: Detected virtualization vmware.
[    3.083199] systemd[1]: Detected architecture x86-64.
[    3.112262] systemd[1]: Set hostname to <CS550-jmontes3>.
[    3.390989] systemd[1]: Reached target Encrypted Volumes.
[    3.392199] systemd[1]: Listening on udev Control Socket.
[    3.393545] systemd[1]: Created slice User and Session Slice.
[    3.394696] systemd[1]: Started Forward Password Requests to Wall Directory Watch.
[    3.395881] systemd[1]: Listening on Journal Socket (/dev/log).
[    3.397028] systemd[1]: Listening on LVM2 poll daemon socket.
[    3.398260] systemd[1]: Listening on fsck to fsckd communication Socket.
[    3.399470] systemd[1]: Reached target User and Group Name Lookups.
[    3.400702] systemd[1]: Listening on Device-mapper event daemon FIFOs.
[    3.401999] systemd[1]: Listening on Journal Socket.
[    3.403241] systemd[1]: Listening on udev Kernel Socket.
[    3.404481] systemd[1]: Listening on Syslog Socket.
[    3.405950] systemd[1]: Created slice System Slice.
[    3.417565] systemd[1]: Mounting Debug File System...
[    3.419349] systemd[1]: Mounting POSIX Message Queue File System...
[    3.423634] systemd[1]: Reached target Slices.
[    3.429702] systemd[1]: Starting Nameserver information manager...
[    3.432957] systemd[1]: Starting Uncomplicated firewall...
[    3.441180] systemd[1]: Mounting Huge Pages File System...
[    3.442874] systemd[1]: Starting Set console keymap...
[    3.444619] systemd[1]: Starting Create list of required static device nodes for the current kernel...
[    3.446546] systemd[1]: Listening on LVM2 metadata daemon socket.
[    3.448363] systemd[1]: Starting Monitoring of LVM2 mirrors, snapshots etc. using dmeventd or progress polling...
[    3.450367] systemd[1]: Listening on Journal Audit Socket.
[    3.459613] systemd[1]: Starting Load Kernel Modules...
